---------------------------------------------------------------------------------
      name:  <unnamed>
       log:  C:\Users\LukasGrahl\Documents\GIT\econometrics22\log\layoff_discr_4_
> fe.log
  log type:  text
 opened on:  13 Dec 2022, 13:38:24

. use "data\layoff_discr\cps_main_prepro.dta", clear

. 
. *tab unemployement by race and month
. tabulate race_cat is_layoff, row nofreq chi2

           |       is_layoff
  race_cat |         0          1 |     Total
-----------+----------------------+----------
     asian |     90.77       9.23 |    100.00 
      hisp |     94.81       5.19 |    100.00 
    native |     87.72      12.28 |    100.00 
       poc |     89.48      10.52 |    100.00 
     white |     92.24       7.76 |    100.00 
-----------+----------------------+----------
     Total |     91.80       8.20 |    100.00 

          Pearson chi2(4) = 114.1754   Pr = 0.000

. 
. * how to export that table into a nice format ??
. 
. /*##########################################
> Assumption check
> ##########################################*/
. 
. *corr matrix
. correlate /// 
> is_female is_poc is_asian is_hisp is_native ///
> age age2 new_deathpm new_casespm ///
> is_citiz level_educ hh_income contract_type owns_business is_more1job no_child 
> marista housing_kind
(obs=83,288)

             | is_fem~e   is_poc is_asian  is_hisp is_nat~e      age     age2
-------------+---------------------------------------------------------------
   is_female |   1.0000
      is_poc |   0.0687   1.0000
    is_asian |  -0.0053  -0.0847   1.0000
     is_hisp |   0.0017  -0.0103  -0.0076   1.0000
   is_native |   0.0113  -0.0413  -0.0302  -0.0037   1.0000
         age |   0.0027  -0.0370  -0.0403  -0.0046  -0.0260   1.0000
        age2 |   0.0031  -0.0385  -0.0451  -0.0044  -0.0272   0.9855   1.0000
 new_deathpm |   0.0043   0.0415   0.0082  -0.0121  -0.0303   0.0096   0.0081
 new_casespm |   0.0070   0.0596   0.0068  -0.0173  -0.0383   0.0057   0.0041
    is_citiz |  -0.0550  -0.0078   0.2174  -0.0029   0.0050  -0.0635  -0.0734
  level_educ |   0.0721  -0.0644   0.1225  -0.0046  -0.0439   0.0581   0.0377
   hh_income |  -0.0584  -0.1423   0.0558  -0.0062  -0.0424   0.0555   0.0347
contract_t~e |   0.1416  -0.0077  -0.0184   0.0052  -0.0017   0.0395   0.0897
owns_busin~s |   0.0388   0.0756   0.0155   0.0021   0.0219  -0.1306  -0.1365
 is_more1job |  -0.0218  -0.0068   0.0134   0.0009   0.0071  -0.0030   0.0011
    no_child |  -0.0280  -0.0128   0.0183   0.0003   0.0224  -0.1990  -0.2416
     marista |   0.0638   0.1430  -0.0344   0.0150   0.0206  -0.3604  -0.3176
housing_kind |  -0.0068  -0.0075  -0.0400  -0.0060   0.0159  -0.0062  -0.0059

             | new_de~m new_ca~m is_citiz level_~c hh_inc~e contra~e owns_b~s
-------------+---------------------------------------------------------------
 new_deathpm |   1.0000
 new_casespm |   0.6272   1.0000
    is_citiz |   0.0108   0.0147   1.0000
  level_educ |   0.0527   0.0723  -0.0681   1.0000
   hh_income |   0.0593   0.0719  -0.0825   0.3545   1.0000
contract_t~e |  -0.0182  -0.0182  -0.0103  -0.0937  -0.1484   1.0000
owns_busin~s |   0.0177   0.0232   0.0374  -0.0521  -0.0918  -0.0786   1.0000
 is_more1job |   0.0216   0.0223   0.0273  -0.0512  -0.0173   0.0295   0.1544
    no_child |  -0.0116  -0.0123   0.0750   0.0433   0.0514  -0.0714  -0.0128
     marista |   0.0109   0.0223  -0.0379  -0.1091  -0.2807   0.0644   0.1273
housing_kind |  -0.0286  -0.0431   0.0210  -0.1434  -0.1349   0.0171   0.0318

             | is_mor~b no_child  marista housin~d
-------------+------------------------------------
 is_more1job |   1.0000
    no_child |  -0.0098   1.0000
     marista |  -0.0007  -0.2945   1.0000
housing_kind |   0.0140  -0.0018   0.0265   1.0000


. 
. * new_casespm ~ new_deathpm corr .6
. * hh_income ~ level_educ corr .35
. * marista ~ age corr .35
. * age ~ age2 corr .98
. * is_citiz * is_asian .38
. 
. 
. /*##########################################
> Setting variables and data
> ############################################*/
. * global vars
. global TimeCat "hrmonth"

. 
. global ControlCatEduc "hh_income level_educ"

. global ControlCatFam "marista" // no_child  housing_kind is_citiz

. global ConntrolCatJob "owns_business contract_type is_more1job"

. global ControlContin "age age2"

. global ControlCovid "new_deathpm new_casespm"

. global ControlProf "teleworkable_wage teleworkable_emp"

. 
. global InterestVars "is_female is_poc is_asian is_hisp is_native"

. global DependVar "is_layoff"

. global Cluster "naic_id"

. 
. * excludig consecutive observation of households
. sort hh_id

. quietly by hh_id:  gen dup = cond(_N==1,0,_n)

. keep if dup<=1
(38,426 observations deleted)

. 
. /*##########################################
> To Do
> ############################################*/
. 
. // *Run the Hausman Test
. // hausman FE RE 
. 
. // *Run Heteroskedacity test
. // white or breusch pagan
. 
. // * robust standard erros and het white test
. 
. 
. /*##########################################
> Fixed effect models
> ############################################*/
. 
. * Hausman test, Wald test
. xtset us_state

Panel variable: us_state (unbalanced)

. xtreg $DependVar $InterestVars, fe

Fixed-effects (within) regression               Number of obs     =     45,121
Group variable: us_state                        Number of groups  =         51

R-squared:                                      Obs per group:
     Within  = 0.0028                                         min =        400
     Between = 0.0017                                         avg =      884.7
     Overall = 0.0027                                         max =      3,814

                                                F(5,45065)        =      25.33
corr(u_i, Xb) = -0.0193                         Prob > F          =     0.0000

------------------------------------------------------------------------------
   is_layoff | Coefficient  Std. err.      t    P>|t|     [95% conf. interval]
-------------+----------------------------------------------------------------
   is_female |   .0179394    .002605     6.89   0.000     .0128335    .0230453
      is_poc |   .0311327   .0043789     7.11   0.000     .0225499    .0397154
    is_asian |   .0040546   .0057855     0.70   0.483    -.0072851    .0153942
     is_hisp |  -.0531256   .0444843    -1.19   0.232    -.1403155    .0340643
   is_native |   .0504114   .0109875     4.59   0.000     .0288757     .071947
       _cons |   .0707367   .0018658    37.91   0.000     .0670798    .0743937
-------------+----------------------------------------------------------------
     sigma_u |  .02749729
     sigma_e |  .27515005
         rho |  .00988837   (fraction of variance due to u_i)
------------------------------------------------------------------------------
F test that all u_i=0: F(50, 45065) = 7.54                   Prob > F = 0.0000

. eststo FE

. *test for heteroskedacity
. xttest3 // We can reject H0: sigma(i)^2 varies, thus there is herteroskedacity

Modified Wald test for groupwise heteroskedasticity
in fixed effect regression model

H0: sigma(i)^2 = sigma^2 for all i

chi2 (51)  =     372.01
Prob>chi2 =      0.0000


. 
. xtreg $DependVar $InterestVars, re

Random-effects GLS regression                   Number of obs     =     45,121
Group variable: us_state                        Number of groups  =         51

R-squared:                                      Obs per group:
     Within  = 0.0028                                         min =        400
     Between = 0.0044                                         avg =      884.7
     Overall = 0.0027                                         max =      3,814

                                                Wald chi2(5)      =     126.57
corr(u_i, X) = 0 (assumed)                      Prob > chi2       =     0.0000

------------------------------------------------------------------------------
   is_layoff | Coefficient  Std. err.      z    P>|z|     [95% conf. interval]
-------------+----------------------------------------------------------------
   is_female |   .0179348   .0026049     6.88   0.000     .0128293    .0230404
      is_poc |   .0307698    .004351     7.07   0.000      .022242    .0392977
    is_asian |   .0060563   .0057505     1.05   0.292    -.0052145    .0173271
     is_hisp |   -.047274    .044403    -1.06   0.287    -.1343022    .0397542
   is_native |   .0513897    .010951     4.69   0.000      .029926    .0728533
       _cons |   .0685736   .0037267    18.40   0.000     .0612693    .0758779
-------------+----------------------------------------------------------------
     sigma_u |  .02274656
     sigma_e |  .27515005
         rho |  .00678788   (fraction of variance due to u_i)
------------------------------------------------------------------------------

. eststo RE

. 
. * Hausman test: H0 Difference in coefficients not systematic
. hausman FE RE // we can reject the H0, differences are systematic thus FE

                 ---- Coefficients ----
             |      (b)          (B)            (b-B)     sqrt(diag(V_b-V_B))
             |       FE           RE         Difference       Std. err.
-------------+----------------------------------------------------------------
   is_female |    .0179394     .0179348        4.56e-06        .0000191
      is_poc |    .0311327     .0307698        .0003628        .0004936
    is_asian |    .0040546     .0060563       -.0020017        .0006351
     is_hisp |   -.0531256     -.047274       -.0058515        .0026882
   is_native |    .0504114     .0513897       -.0009783        .0008941
------------------------------------------------------------------------------
                          b = Consistent under H0 and Ha; obtained from xtreg.
           B = Inconsistent under Ha, efficient under H0; obtained from xtreg.

Test of H0: Difference in coefficients not systematic

    chi2(5) = (b-B)'[(V_b-V_B)^(-1)](b-B)
            =  18.98
Prob > chi2 = 0.0019

. 
. * Heteroskedacity
. * As heteroskedacity exists we are clustering our regressions by naic_id, to co
> rrect standar errors. We do not use vce(robust), as it assumes observations to 
> be independent. An assumption that in a model of common intercepts by groups (s
> tat and profession) is unlikely to hold.
. 
. 
. *1: BASELINE MODEL
. * State fixed effects, industry not included
. //quietly ///
. reghdfe ///
> $DependVar /// 
> $InterestVars ///
> [aweight=hh_weight] ///
> ,absorb(us_state)
(MWFE estimator converged in 1 iterations)

HDFE Linear regression                            Number of obs   =     45,121
Absorbing 1 HDFE group                            F(   5,  45065) =      27.73
                                                  Prob > F        =     0.0000
                                                  R-squared       =     0.0103
                                                  Adj R-squared   =     0.0091
                                                  Within R-sq.    =     0.0031
                                                  Root MSE        =     0.2863

------------------------------------------------------------------------------
   is_layoff | Coefficient  Std. err.      t    P>|t|     [95% conf. interval]
-------------+----------------------------------------------------------------
   is_female |   .0202105   .0027137     7.45   0.000     .0148916    .0255294
      is_poc |   .0301253   .0039933     7.54   0.000     .0222985    .0379522
    is_asian |   .0013633   .0055684     0.24   0.807    -.0095508    .0122773
     is_hisp |  -.0619214   .0459704    -1.35   0.178     -.152024    .0281813
   is_native |   .0450754   .0114042     3.95   0.000     .0227229    .0674278
       _cons |   .0765642   .0019609    39.05   0.000     .0727207    .0804076
------------------------------------------------------------------------------

Absorbed degrees of freedom:
-----------------------------------------------------+
 Absorbed FE | Categories  - Redundant  = Num. Coefs |
-------------+---------------------------------------|
    us_state |        51           0          51     |
-----------------------------------------------------+

. 
. eststo M1

. quietly estadd local FE_S "Yes", replace

. quietly estadd local FE_ST "No", replace

. quietly estadd local FE_I "Yes", replace

. quietly estadd local FE_IT "No", replace

. quietly estadd local WEIG "Yes", replace

. 
. estadd ysumm, replace

added scalars:
                e(ysd) =  .28762452
               e(ymax) =  1
               e(ymin) =  0
              e(ymean) =  .0910086

. 
. *Heteroskedacity testing
. 
. *2: MODEL
. * State and industry fixed effects
. //quietly ///
. reghdfe ///
> $DependVar /// 
> $InterestVars ///
> [aweight=hh_weight] ///
> ,absorb(us_state naic_id) ///
> vce(cluster $Cluster)
(MWFE estimator converged in 5 iterations)

HDFE Linear regression                            Number of obs   =     45,121
Absorbing 2 HDFE groups                           F(   5,     39) =      46.22
Statistics robust to heteroskedasticity           Prob > F        =     0.0000
                                                  R-squared       =     0.0414
                                                  Adj R-squared   =     0.0394
                                                  Within R-sq.    =     0.0029
Number of clusters (naic_id) =         40         Root MSE        =     0.2819

                               (Std. err. adjusted for 40 clusters in naic_id)
------------------------------------------------------------------------------
             |               Robust
   is_layoff | Coefficient  std. err.      t    P>|t|     [95% conf. interval]
-------------+----------------------------------------------------------------
   is_female |   .0201192   .0025732     7.82   0.000     .0149144     .025324
      is_poc |    .028955   .0030821     9.39   0.000     .0227208    .0351892
    is_asian |   .0021344   .0024335     0.88   0.386    -.0027878    .0070566
     is_hisp |  -.0505044   .0315819    -1.60   0.118    -.1143849    .0133761
   is_native |   .0425661   .0123103     3.46   0.001     .0176662    .0674661
       _cons |   .0767499   .0013461    57.02   0.000     .0740272    .0794725
------------------------------------------------------------------------------

Absorbed degrees of freedom:
-----------------------------------------------------+
 Absorbed FE | Categories  - Redundant  = Num. Coefs |
-------------+---------------------------------------|
    us_state |        51           0          51     |
     naic_id |        40          40           0    *|
-----------------------------------------------------+
* = FE nested within cluster; treated as redundant for DoF computation

. 
. eststo M2

. quietly estadd local FE_S "Yes", replace

. quietly estadd local FE_ST "No", replace

. quietly estadd local FE_I "Yes", replace

. quietly estadd local FE_IT "No", replace

. quietly estadd local WEIG "Yes", replace

. 
. estadd ysumm, replace

added scalars:
                e(ysd) =  .28762452
               e(ymax) =  1
               e(ymin) =  0
              e(ymean) =  .0910086

. 
. *3: MODEL
. * adding age, education and income, as well as time
. //quietly ///
. reghdfe ///
> $DependVar /// 
> $InterestVars ///
> $ControlContin i.$ControlCatEduc ///
> i.$TimeCat ///
> [aweight=hh_weight] ///
> ,absorb(us_state naic_id) ///
> vce(cluster $Cluster)
(MWFE estimator converged in 5 iterations)

HDFE Linear regression                            Number of obs   =     45,121
Absorbing 2 HDFE groups                           F(  25,     39) =    1219.79
Statistics robust to heteroskedasticity           Prob > F        =     0.0000
                                                  R-squared       =     0.1004
                                                  Adj R-squared   =     0.0981
                                                  Within R-sq.    =     0.0642
Number of clusters (naic_id) =         40         Root MSE        =     0.2732

                                 (Std. err. adjusted for 40 clusters in naic_id)
--------------------------------------------------------------------------------
               |               Robust
     is_layoff | Coefficient  std. err.      t    P>|t|     [95% conf. interval]
---------------+----------------------------------------------------------------
     is_female |   .0193622   .0023092     8.38   0.000     .0146913     .024033
        is_poc |   .0118978   .0029383     4.05   0.000     .0059546    .0178411
      is_asian |   .0168009   .0030427     5.52   0.000     .0106464    .0229554
       is_hisp |  -.0405317   .0346395    -1.17   0.249    -.1105967    .0295332
     is_native |    .027308   .0117843     2.32   0.026      .003472     .051144
           age |  -.0044634   .0008924    -5.00   0.000    -.0062685   -.0026583
          age2 |   .0000468   9.61e-06     4.87   0.000     .0000274    .0000663
               |
     hh_income |
5,000 TO 7,..  |  -.0551794   .0197161    -2.80   0.008    -.0950589   -.0152999
7,500 TO 9,..  |   .0419199    .029196     1.44   0.159    -.0171346    .1009745
10,000 TO 1..  |  -.0121611   .0234341    -0.52   0.607    -.0595611    .0352388
12,500 TO 1..  |   -.062394    .021943    -2.84   0.007     -.106778   -.0180101
15,000 TO 1..  |  -.0356136   .0213542    -1.67   0.103    -.0788065    .0075793
20,000 TO 2..  |   -.046763   .0202534    -2.31   0.026    -.0877293   -.0057966
25,000 TO 2..  |  -.0757404   .0213908    -3.54   0.001    -.1190075   -.0324734
30,000 TO 3..  |  -.0631811   .0236473    -2.67   0.011    -.1110123   -.0153499
35,000 TO 3..  |   -.081447   .0181767    -4.48   0.000    -.1182128   -.0446812
40,000 TO 4..  |  -.0823524   .0198771    -4.14   0.000    -.1225576   -.0421471
50,000 TO 5..  |  -.0926394   .0187561    -4.94   0.000    -.1305772   -.0547016
60,000 TO 7..  |  -.1068442   .0200012    -5.34   0.000    -.1473006   -.0663879
75,000 TO 9..  |  -.1112787   .0192847    -5.77   0.000    -.1502858   -.0722717
100,000 TO ..  |  -.1266017   .0196145    -6.45   0.000    -.1662757   -.0869276
150,000 OR ..  |  -.1316435   .0194924    -6.75   0.000    -.1710707   -.0922164
               |
    level_educ |   -.009039   .0008344   -10.83   0.000    -.0107268   -.0073512
               |
       hrmonth |
            4  |   .1267063   .0146988     8.62   0.000     .0969752    .1564373
            5  |   .1081838   .0131326     8.24   0.000     .0816206    .1347469
               |
         _cons |   .5741953   .0487651    11.77   0.000     .4755587     .672832
--------------------------------------------------------------------------------

Absorbed degrees of freedom:
-----------------------------------------------------+
 Absorbed FE | Categories  - Redundant  = Num. Coefs |
-------------+---------------------------------------|
    us_state |        51           0          51     |
     naic_id |        40          40           0    *|
-----------------------------------------------------+
* = FE nested within cluster; treated as redundant for DoF computation

. 
. eststo M3

. quietly estadd local FE_S "Yes", replace

. quietly estadd local FE_ST "No", replace

. quietly estadd local FE_I "Yes", replace

. quietly estadd local FE_IT "No", replace

. quietly estadd local WEIG "Yes", replace

. 
. estadd ysumm, replace

added scalars:
                e(ysd) =  .28762452
               e(ymax) =  1
               e(ymin) =  0
              e(ymean) =  .0910086

. 
. *4: Model
. * adding control variables of family status and job related information
. //quietly ///
. reghdfe ///
> $DependVar /// 
> $InterestVars ///
> $ControlContin i.($ControlCatEduc $ConntrolCatJob $ControlCatFam) ///
> i.$TimeCat ///
> [aweight=hh_weight] ///
> ,absorb(us_state naic_id) ///
> vce(cluster $Cluster)
(MWFE estimator converged in 5 iterations)
warning: missing F statistic; dropped variables due to collinearity or too few cl
> usters

HDFE Linear regression                            Number of obs   =     44,970
Absorbing 2 HDFE groups                           F(  40,     39) =          .
Statistics robust to heteroskedasticity           Prob > F        =          .
                                                  R-squared       =     0.1063
                                                  Adj R-squared   =     0.1037
                                                  Within R-sq.    =     0.0702
Number of clusters (naic_id) =         40         Root MSE        =     0.2726

                                 (Std. err. adjusted for 40 clusters in naic_id)
--------------------------------------------------------------------------------
               |               Robust
     is_layoff | Coefficient  std. err.      t    P>|t|     [95% conf. interval]
---------------+----------------------------------------------------------------
     is_female |   .0172656   .0022793     7.58   0.000     .0126554    .0218758
        is_poc |   .0110819   .0030697     3.61   0.001      .004873    .0172909
      is_asian |   .0173142   .0030094     5.75   0.000     .0112272    .0234012
       is_hisp |  -.0426128   .0330122    -1.29   0.204    -.1093862    .0241606
     is_native |   .0251644   .0118431     2.12   0.040     .0012094    .0491194
           age |  -.0031824   .0006543    -4.86   0.000    -.0045059   -.0018589
          age2 |   .0000349   6.69e-06     5.22   0.000     .0000214    .0000485
               |
     hh_income |
5,000 TO 7,..  |  -.0585289   .0198015    -2.96   0.005    -.0985812   -.0184767
7,500 TO 9,..  |   .0391058    .028841     1.36   0.183    -.0192306    .0974421
10,000 TO 1..  |  -.0149132   .0239154    -0.62   0.537    -.0632867    .0334603
12,500 TO 1..  |  -.0621457   .0216845    -2.87   0.007    -.1060069   -.0182846
15,000 TO 1..  |  -.0369036   .0218876    -1.69   0.100    -.0811755    .0073683
20,000 TO 2..  |  -.0454835   .0205388    -2.21   0.033     -.087027   -.0039399
25,000 TO 2..  |  -.0724132   .0219604    -3.30   0.002    -.1168323    -.027994
30,000 TO 3..  |  -.0610018   .0244771    -2.49   0.017    -.1105114   -.0114922
35,000 TO 3..  |  -.0802842   .0184956    -4.34   0.000    -.1176951   -.0428733
40,000 TO 4..  |  -.0790069   .0200769    -3.94   0.000    -.1196162   -.0383976
50,000 TO 5..  |  -.0887234   .0191151    -4.64   0.000    -.1273875   -.0500594
60,000 TO 7..  |  -.1033424   .0207157    -4.99   0.000    -.1452439    -.061441
75,000 TO 9..  |  -.1064941   .0197306    -5.40   0.000     -.146403   -.0665852
100,000 TO ..  |  -.1211806    .019939    -6.08   0.000     -.161511   -.0808502
150,000 OR ..  |  -.1248621   .0197378    -6.33   0.000    -.1647856   -.0849387
               |
    level_educ |
HIGH SCHOO..)  |   .0013802   .0091982     0.15   0.881     -.017225    .0199854
SOME COLLEG..  |   .0019462   .0083145     0.23   0.816    -.0148715    .0187639
ASSOCIATE D..  |    -.00292   .0080603    -0.36   0.719    -.0192234    .0133835
ASSOCIATE D..  |  -.0107327   .0083874    -1.28   0.208    -.0276978    .0062324
BACHELOR'S..)  |   -.032125   .0093818    -3.42   0.001    -.0511016   -.0131485
MASTER'S D..)  |  -.0418605   .0098481    -4.25   0.000    -.0617802   -.0219409
PROFESSION..)  |  -.0411734   .0088929    -4.63   0.000    -.0591611   -.0231858
DOCTORATE ..)  |  -.0672675   .0084172    -7.99   0.000    -.0842929    -.050242
               |
 owns_business |
           NO  |   .0282265   .0059381     4.75   0.000     .0162157    .0402374
               |
 contract_type |
PART TIME L..  |   .0290208   .0099522     2.92   0.006     .0088906    .0491511
               |
   is_more1job |
           NO  |   .0692204   .0067267    10.29   0.000     .0556143    .0828264
               |
       marista |
MARRIED - S..  |   .0118995   .0087257     1.36   0.180      -.00575    .0295489
      WIDOWED  |  -.0125608   .0059092    -2.13   0.040    -.0245132   -.0006084
     DIVORCED  |  -.0092204    .003513    -2.62   0.012    -.0163262   -.0021146
    SEPARATED  |   .0144007   .0085078     1.69   0.098     -.002808    .0316095
NEVER MARRIED  |   .0052791   .0020391     2.59   0.013     .0011546    .0094036
               |
       hrmonth |
            4  |   .1262722   .0145988     8.65   0.000     .0967433    .1558011
            5  |   .1085488   .0130101     8.34   0.000     .0822334    .1348643
               |
         _cons |   .0877283   .0318958     2.75   0.009     .0232129    .1522438
--------------------------------------------------------------------------------

Absorbed degrees of freedom:
-----------------------------------------------------+
 Absorbed FE | Categories  - Redundant  = Num. Coefs |
-------------+---------------------------------------|
    us_state |        51           0          51     |
     naic_id |        40          40           0    *|
-----------------------------------------------------+
* = FE nested within cluster; treated as redundant for DoF computation

. 
. eststo M4

. quietly estadd local FE_S "Yes", replace

. quietly estadd local FE_ST "No", replace

. quietly estadd local FE_I "Yes", replace

. quietly estadd local FE_IT "No", replace

. quietly estadd local WEIG "Yes", replace

. 
. estadd ysumm, replace

added scalars:
                e(ysd) =  .28798123
               e(ymax) =  1
               e(ymin) =  0
              e(ymean) =  .09125967

. 
. 
. *5: MODEL
. * adding covid cases and time dimension
. //quietly ///
. reghdfe ///
> $DependVar /// 
> $InterestVars ///
> $ControlContin ///
> i.($ControlCatEduc $ControlCatFam $ConntrolCatJob) ///
> $ControlCovid ///
> i.$TimeCat ///
> [aweight=hh_weight] ///
> ,absorb(us_state naic_id) ///
> vce(cluster $Cluster)
(MWFE estimator converged in 5 iterations)
warning: missing F statistic; dropped variables due to collinearity or too few cl
> usters

HDFE Linear regression                            Number of obs   =     44,970
Absorbing 2 HDFE groups                           F(  42,     39) =          .
Statistics robust to heteroskedasticity           Prob > F        =          .
                                                  R-squared       =     0.1068
                                                  Adj R-squared   =     0.1042
                                                  Within R-sq.    =     0.0707
Number of clusters (naic_id) =         40         Root MSE        =     0.2726

                                 (Std. err. adjusted for 40 clusters in naic_id)
--------------------------------------------------------------------------------
               |               Robust
     is_layoff | Coefficient  std. err.      t    P>|t|     [95% conf. interval]
---------------+----------------------------------------------------------------
     is_female |   .0171173   .0022861     7.49   0.000     .0124932    .0217415
        is_poc |   .0111432    .003066     3.63   0.001     .0049415    .0173448
      is_asian |    .017509   .0030371     5.77   0.000     .0113659    .0236521
       is_hisp |  -.0418921   .0335283    -1.25   0.219    -.1097096    .0259254
     is_native |   .0249116   .0118025     2.11   0.041     .0010389    .0487843
           age |   -.003146   .0006513    -4.83   0.000    -.0044633   -.0018287
          age2 |   .0000346   6.64e-06     5.20   0.000     .0000211     .000048
               |
     hh_income |
5,000 TO 7,..  |  -.0577354    .019935    -2.90   0.006    -.0980577    -.017413
7,500 TO 9,..  |   .0396022   .0288577     1.37   0.178    -.0187679    .0979723
10,000 TO 1..  |  -.0145253   .0238422    -0.61   0.546    -.0627506       .0337
12,500 TO 1..  |   -.061503    .021525    -2.86   0.007    -.1050414   -.0179646
15,000 TO 1..  |  -.0365129   .0218107    -1.67   0.102    -.0806292    .0076033
20,000 TO 2..  |  -.0451738   .0204359    -2.21   0.033    -.0865094   -.0038383
25,000 TO 2..  |  -.0718982   .0216424    -3.32   0.002    -.1156741   -.0281223
30,000 TO 3..  |  -.0605674    .024201    -2.50   0.017    -.1095185   -.0116163
35,000 TO 3..  |  -.0800506   .0183512    -4.36   0.000    -.1171693   -.0429318
40,000 TO 4..  |  -.0786527   .0199907    -3.93   0.000    -.1190877   -.0382176
50,000 TO 5..  |  -.0884674   .0190165    -4.65   0.000    -.1269319   -.0500029
60,000 TO 7..  |  -.1028292   .0205165    -5.01   0.000    -.1443279   -.0613306
75,000 TO 9..  |   -.106265   .0195565    -5.43   0.000    -.1458217   -.0667084
100,000 TO ..  |  -.1207662   .0198082    -6.10   0.000     -.160832   -.0807003
150,000 OR ..  |  -.1245051   .0196047    -6.35   0.000    -.1641594   -.0848508
               |
    level_educ |
HIGH SCHOO..)  |   .0015401   .0091021     0.17   0.867    -.0168706    .0199508
SOME COLLEG..  |   .0019107   .0082511     0.23   0.818    -.0147788    .0186002
ASSOCIATE D..  |  -.0029639   .0080282    -0.37   0.714    -.0192024    .0132746
ASSOCIATE D..  |  -.0107613   .0083732    -1.29   0.206    -.0276977    .0061751
BACHELOR'S..)  |  -.0320673   .0093277    -3.44   0.001    -.0509344   -.0132002
MASTER'S D..)  |  -.0419422   .0098074    -4.28   0.000    -.0617795   -.0221048
PROFESSION..)  |  -.0411884   .0087868    -4.69   0.000    -.0589614   -.0234155
DOCTORATE ..)  |  -.0671636   .0082661    -8.13   0.000    -.0838833   -.0504439
               |
       marista |
MARRIED - S..  |   .0116374   .0087198     1.33   0.190    -.0060002    .0292749
      WIDOWED  |  -.0122085   .0058705    -2.08   0.044    -.0240826   -.0003343
     DIVORCED  |  -.0092003    .003536    -2.60   0.013    -.0163525   -.0020481
    SEPARATED  |   .0144521   .0084159     1.72   0.094    -.0025706    .0314749
NEVER MARRIED  |   .0053256   .0020052     2.66   0.011     .0012697    .0093815
               |
 owns_business |
           NO  |    .028022   .0059164     4.74   0.000      .016055    .0399891
               |
 contract_type |
PART TIME L..  |   .0293097   .0098781     2.97   0.005     .0093294    .0492899
               |
   is_more1job |
           NO  |   .0690438   .0066573    10.37   0.000     .0555781    .0825095
   new_deathpm |   .0006797   .0001198     5.67   0.000     .0004373    .0009221
   new_casespm |   -.000251   .0006106    -0.41   0.683     -.001486     .000984
               |
       hrmonth |
            4  |   .1232123   .0130127     9.47   0.000     .0968916    .1495331
            5  |   .0960903   .0113445     8.47   0.000     .0731438    .1190368
               |
         _cons |   .0870646   .0321588     2.71   0.010     .0220174    .1521118
--------------------------------------------------------------------------------

Absorbed degrees of freedom:
-----------------------------------------------------+
 Absorbed FE | Categories  - Redundant  = Num. Coefs |
-------------+---------------------------------------|
    us_state |        51           0          51     |
     naic_id |        40          40           0    *|
-----------------------------------------------------+
* = FE nested within cluster; treated as redundant for DoF computation

. 
. eststo M5

. quietly estadd local FE_S "Yes", replace

. quietly estadd local FE_ST "No", replace

. quietly estadd local FE_I "Yes", replace

. quietly estadd local FE_IT "No", replace

. quietly estadd local WEIG "Yes", replace

. 
. estadd ysumm, replace

added scalars:
                e(ysd) =  .28798123
               e(ymax) =  1
               e(ymin) =  0
              e(ymean) =  .09125967

. 
. *6: Model
. * we believe there is a fixed effect of state&time, implying that something (po
> licy) 
. * varies over time, and that this needs to be accounted for
. * adding controls
. //quietly ///
. reghdfe ///
> $DependVar /// 
> $InterestVars ///
> $ControlContin ///
> i.($ControlCatEduc $ControlCatFam $ConntrolCatJob) ///
> [aweight=hh_weight] ///
> ,absorb(us_state#hrmonth naic_id) ///
> vce(cluster $Cluster)
(MWFE estimator converged in 5 iterations)

HDFE Linear regression                            Number of obs   =     44,970
Absorbing 2 HDFE groups                           F(  38,     39) =   33022.13
Statistics robust to heteroskedasticity           Prob > F        =     0.0000
                                                  R-squared       =     0.1119
                                                  Adj R-squared   =     0.1073
                                                  Within R-sq.    =     0.0334
Number of clusters (naic_id) =         40         Root MSE        =     0.2721

                                 (Std. err. adjusted for 40 clusters in naic_id)
--------------------------------------------------------------------------------
               |               Robust
     is_layoff | Coefficient  std. err.      t    P>|t|     [95% conf. interval]
---------------+----------------------------------------------------------------
     is_female |   .0170851   .0023036     7.42   0.000     .0124257    .0217446
        is_poc |   .0114022   .0030217     3.77   0.001     .0052901    .0175142
      is_asian |   .0183759   .0031321     5.87   0.000     .0120406    .0247113
       is_hisp |  -.0318428   .0350274    -0.91   0.369    -.1026923    .0390067
     is_native |   .0263747    .011398     2.31   0.026       .00332    .0494294
           age |  -.0031438   .0006731    -4.67   0.000    -.0045052   -.0017825
          age2 |   .0000347   6.96e-06     4.99   0.000     .0000207    .0000488
               |
     hh_income |
5,000 TO 7,..  |  -.0556518   .0204597    -2.72   0.010    -.0970355   -.0142681
7,500 TO 9,..  |   .0395049   .0281606     1.40   0.169    -.0174553    .0964651
10,000 TO 1..  |  -.0114185   .0247695    -0.46   0.647    -.0615195    .0386824
12,500 TO 1..  |  -.0591863   .0206389    -2.87   0.007    -.1009324   -.0174402
15,000 TO 1..  |  -.0339556   .0227716    -1.49   0.144    -.0800156    .0121044
20,000 TO 2..  |    -.04348   .0204915    -2.12   0.040     -.084928    -.002032
25,000 TO 2..  |  -.0699711   .0212514    -3.29   0.002    -.1129561    -.026986
30,000 TO 3..  |   -.058505   .0235863    -2.48   0.018    -.1062127   -.0107972
35,000 TO 3..  |  -.0775848   .0183182    -4.24   0.000     -.114637   -.0405327
40,000 TO 4..  |  -.0770177   .0202928    -3.80   0.001    -.1180637   -.0359717
50,000 TO 5..  |  -.0864579    .019422    -4.45   0.000    -.1257426   -.0471731
60,000 TO 7..  |  -.1011501   .0202847    -4.99   0.000    -.1421797   -.0601204
75,000 TO 9..  |  -.1043261   .0196121    -5.32   0.000    -.1439953   -.0646568
100,000 TO ..  |  -.1191345   .0200251    -5.95   0.000     -.159639   -.0786299
150,000 OR ..  |  -.1226164   .0195302    -6.28   0.000      -.16212   -.0831128
               |
    level_educ |
HIGH SCHOO..)  |   .0011449   .0094664     0.12   0.904    -.0180028    .0202926
SOME COLLEG..  |   .0015759   .0086861     0.18   0.857    -.0159935    .0191453
ASSOCIATE D..  |  -.0030398    .008291    -0.37   0.716    -.0198099    .0137302
ASSOCIATE D..  |  -.0104273   .0086865    -1.20   0.237    -.0279974    .0071427
BACHELOR'S..)  |  -.0322266   .0097816    -3.29   0.002    -.0520118   -.0124415
MASTER'S D..)  |  -.0418976   .0101893    -4.11   0.000    -.0625074   -.0212877
PROFESSION..)  |   -.040666   .0098295    -4.14   0.000    -.0605481    -.020784
DOCTORATE ..)  |  -.0683936   .0091352    -7.49   0.000    -.0868713    -.049916
               |
       marista |
MARRIED - S..  |   .0106293   .0086777     1.22   0.228    -.0069231    .0281816
      WIDOWED  |  -.0118442   .0060132    -1.97   0.056     -.024007    .0003186
     DIVORCED  |  -.0093525   .0037985    -2.46   0.018    -.0170357   -.0016693
    SEPARATED  |   .0152827   .0079873     1.91   0.063    -.0008732    .0314387
NEVER MARRIED  |   .0053084   .0019718     2.69   0.010     .0013201    .0092967
               |
 owns_business |
           NO  |   .0275979   .0061058     4.52   0.000     .0152478    .0399479
               |
 contract_type |
PART TIME L..  |   .0296207   .0099035     2.99   0.005      .009589    .0496523
               |
   is_more1job |
           NO  |   .0689604   .0069184     9.97   0.000     .0549667    .0829541
         _cons |   .1579637   .0277313     5.70   0.000     .1018718    .2140556
--------------------------------------------------------------------------------

Absorbed degrees of freedom:
------------------------------------------------------------+
        Absorbed FE | Categories  - Redundant  = Num. Coefs |
--------------------+---------------------------------------|
   us_state#hrmonth |       153           0         153     |
            naic_id |        40          40           0    *|
------------------------------------------------------------+
* = FE nested within cluster; treated as redundant for DoF computation

. 
. eststo M6

. quietly estadd local FE_S "No", replace

. quietly estadd local FE_ST "Yes", replace

. quietly estadd local FE_I "Yes", replace

. quietly estadd local FE_IT "No", replace

. quietly estadd local WEIG "Yes", replace

. 
. estadd ysumm, replace

added scalars:
                e(ysd) =  .28798123
               e(ymax) =  1
               e(ymin) =  0
              e(ymean) =  .09125967

. 
. 
. *7: Model
. * we believe there is some significance to time&profession effects, wherefore 
. * we add these alongside the state&time fixed effect
. //quietly ///
. reghdfe ///
> $DependVar /// 
> $InterestVars ///
> $ControlContin ///
> i.($ControlCatEduc $ControlCatFam $ConntrolCatJob) ///
> /// $ControlProf $ControlCovid
> [aweight=hh_weight] ///
> ,absorb(us_state#hrmonth naic_id#hrmonth) ///
> vce(cluster $Cluster)
(MWFE estimator converged in 5 iterations)

HDFE Linear regression                            Number of obs   =     44,970
Absorbing 2 HDFE groups                           F(  38,     39) =   24537.71
Statistics robust to heteroskedasticity           Prob > F        =     0.0000
                                                  R-squared       =     0.1279
                                                  Adj R-squared   =     0.1219
                                                  Within R-sq.    =     0.0337
Number of clusters (naic_id) =         40         Root MSE        =     0.2699

                                 (Std. err. adjusted for 40 clusters in naic_id)
--------------------------------------------------------------------------------
               |               Robust
     is_layoff | Coefficient  std. err.      t    P>|t|     [95% conf. interval]
---------------+----------------------------------------------------------------
     is_female |   .0167048   .0023459     7.12   0.000     .0119597    .0214499
        is_poc |   .0115092   .0027787     4.14   0.000     .0058887    .0171297
      is_asian |   .0181435   .0034881     5.20   0.000     .0110882    .0251988
       is_hisp |  -.0303809   .0323404    -0.94   0.353    -.0957956    .0350338
     is_native |   .0266207   .0097868     2.72   0.010     .0068251    .0464163
           age |  -.0030585   .0006436    -4.75   0.000    -.0043604   -.0017566
          age2 |   .0000336   6.76e-06     4.97   0.000     .0000199    .0000473
               |
     hh_income |
5,000 TO 7,..  |  -.0508984   .0214543    -2.37   0.023    -.0942939    -.007503
7,500 TO 9,..  |   .0362028   .0295897     1.22   0.228     -.023648    .0960537
10,000 TO 1..  |  -.0102876   .0234018    -0.44   0.663    -.0576223    .0370471
12,500 TO 1..  |    -.05969   .0209299    -2.85   0.007    -.1020246   -.0173553
15,000 TO 1..  |  -.0362741   .0211532    -1.71   0.094    -.0790605    .0065124
20,000 TO 2..  |  -.0442654   .0195884    -2.26   0.029    -.0838868   -.0046441
25,000 TO 2..  |  -.0689427   .0207178    -3.33   0.002    -.1108483    -.027037
30,000 TO 3..  |  -.0587219    .023867    -2.46   0.018    -.1069975   -.0104463
35,000 TO 3..  |  -.0782844   .0185077    -4.23   0.000    -.1157198    -.040849
40,000 TO 4..  |  -.0775343   .0191193    -4.06   0.000    -.1162067   -.0388618
50,000 TO 5..  |  -.0880331   .0183423    -4.80   0.000    -.1251339   -.0509324
60,000 TO 7..  |  -.1013291   .0199816    -5.07   0.000    -.1417458   -.0609125
75,000 TO 9..  |  -.1060463   .0192763    -5.50   0.000    -.1450362   -.0670564
100,000 TO ..  |    -.12034   .0191731    -6.28   0.000    -.1591212   -.0815587
150,000 OR ..  |  -.1228368   .0191072    -6.43   0.000    -.1614848   -.0841889
               |
    level_educ |
HIGH SCHOO..)  |  -.0016502    .007271    -0.23   0.822    -.0163572    .0130568
SOME COLLEG..  |   -.000498   .0068225    -0.07   0.942    -.0142979    .0133018
ASSOCIATE D..  |  -.0044331   .0068768    -0.64   0.523    -.0183428    .0094766
ASSOCIATE D..  |    -.01232   .0074283    -1.66   0.105    -.0273452    .0027052
BACHELOR'S..)  |  -.0340742   .0081136    -4.20   0.000    -.0504856   -.0176628
MASTER'S D..)  |  -.0434052   .0088046    -4.93   0.000    -.0612142   -.0255962
PROFESSION..)  |  -.0417078   .0088332    -4.72   0.000    -.0595746   -.0238409
DOCTORATE ..)  |  -.0683651   .0090365    -7.57   0.000    -.0866432    -.050087
               |
       marista |
MARRIED - S..  |   .0118943   .0086016     1.38   0.175    -.0055041    .0292926
      WIDOWED  |  -.0104832   .0051296    -2.04   0.048    -.0208589   -.0001076
     DIVORCED  |  -.0089758    .004133    -2.17   0.036    -.0173356    -.000616
    SEPARATED  |   .0160781   .0076577     2.10   0.042      .000589    .0315672
NEVER MARRIED  |   .0053672   .0019135     2.80   0.008     .0014968    .0092376
               |
 owns_business |
           NO  |   .0275609   .0060566     4.55   0.000     .0153102    .0398115
               |
 contract_type |
PART TIME L..  |   .0302503   .0095968     3.15   0.003      .010839    .0496617
               |
   is_more1job |
           NO  |    .066652   .0057814    11.53   0.000     .0549579    .0783461
         _cons |   .1614366   .0239881     6.73   0.000     .1129161    .2099571
--------------------------------------------------------------------------------

Absorbed degrees of freedom:
------------------------------------------------------------+
        Absorbed FE | Categories  - Redundant  = Num. Coefs |
--------------------+---------------------------------------|
   us_state#hrmonth |       153           0         153     |
    naic_id#hrmonth |       119         119           0    *|
------------------------------------------------------------+
* = FE nested within cluster; treated as redundant for DoF computation

. 
. eststo M7_0

. quietly estadd local FE_S "No", replace

. quietly estadd local FE_ST "Yes", replace

. quietly estadd local FE_I "No", replace

. quietly estadd local FE_IT "Yes", replace

. quietly estadd local WEIG "Yes", replace

. 
. estadd ysumm, replace

added scalars:
                e(ysd) =  .28798123
               e(ymax) =  1
               e(ymin) =  0
              e(ymean) =  .09125967

. 
. /*##########################################
> FE for County instead of state
> ############################################*/
. preserve

. drop if county_code==.
(26,730 observations deleted)

. 
. * get this to table - different percentages
. tabulate race_cat is_layoff, row nofreq chi2

           |       is_layoff
  race_cat |         0          1 |     Total
-----------+----------------------+----------
     asian |     91.10       8.90 |    100.00 
      hisp |     95.83       4.17 |    100.00 
    native |     90.05       9.95 |    100.00 
       poc |     88.51      11.49 |    100.00 
     white |     91.11       8.89 |    100.00 
-----------+----------------------+----------
     Total |     90.77       9.23 |    100.00 

          Pearson chi2(4) =  17.5324   Pr = 0.002

. 
. // quietly ///
. reghdfe ///
> $DependVar /// 
> $InterestVars ///
> $ControlContin ///
> i.($ControlCatEduc $ControlCatFam $ConntrolCatJob) ///
> ,absorb(county_code#hrmonth naic_id#hrmonth) ///
> vce(cluster $Cluster)
(dropped 7 singleton observations)
(MWFE estimator converged in 6 iterations)
warning: missing F statistic; dropped variables due to collinearity or too few cl
> usters

HDFE Linear regression                            Number of obs   =     18,311
Absorbing 2 HDFE groups                           F(  38,     37) =          .
Statistics robust to heteroskedasticity           Prob > F        =          .
                                                  R-squared       =     0.1624
                                                  Adj R-squared   =     0.1418
                                                  Within R-sq.    =     0.0355
Number of clusters (naic_id) =         38         Root MSE        =     0.2686

                                 (Std. err. adjusted for 38 clusters in naic_id)
--------------------------------------------------------------------------------
               |               Robust
     is_layoff | Coefficient  std. err.      t    P>|t|     [95% conf. interval]
---------------+----------------------------------------------------------------
     is_female |   .0127887    .003329     3.84   0.000     .0060436    .0195338
        is_poc |   .0092046   .0046093     2.00   0.053    -.0001347    .0185438
      is_asian |   .0070153   .0024351     2.88   0.007     .0020813    .0119492
       is_hisp |  -.0537828   .0313852    -1.71   0.095    -.1173752    .0098096
     is_native |  -.0070488   .0133093    -0.53   0.600    -.0340161    .0199185
           age |  -.0023877   .0011115    -2.15   0.038    -.0046399   -.0001355
          age2 |   .0000291   .0000112     2.61   0.013     6.49e-06    .0000517
               |
     hh_income |
5,000 TO 7,..  |  -.0079912   .0249649    -0.32   0.751    -.0585749    .0425925
7,500 TO 9,..  |   .0823137   .0477694     1.72   0.093    -.0144764    .1791037
10,000 TO 1..  |   .0232843   .0274953     0.85   0.403    -.0324265    .0789951
12,500 TO 1..  |  -.0439661   .0354207    -1.24   0.222    -.1157354    .0278031
15,000 TO 1..  |  -.0338249   .0228717    -1.48   0.148    -.0801674    .0125176
20,000 TO 2..  |  -.0023065   .0182138    -0.13   0.900    -.0392111    .0345981
25,000 TO 2..  |  -.0402215   .0222547    -1.81   0.079    -.0853138    .0048707
30,000 TO 3..  |  -.0550524    .025579    -2.15   0.038    -.1068803   -.0032244
35,000 TO 3..  |  -.0653244   .0204326    -3.20   0.003    -.1067247    -.023924
40,000 TO 4..  |  -.0619884   .0186466    -3.32   0.002      -.09977   -.0242068
50,000 TO 5..  |  -.0734532   .0184478    -3.98   0.000    -.1108319   -.0360744
60,000 TO 7..  |  -.0855126   .0196175    -4.36   0.000    -.1252614   -.0457638
75,000 TO 9..  |  -.0923599   .0193271    -4.78   0.000    -.1315203   -.0531994
100,000 TO ..  |  -.1035982   .0184997    -5.60   0.000    -.1410821   -.0661143
150,000 OR ..  |  -.1104679   .0189102    -5.84   0.000    -.1487837   -.0721522
               |
    level_educ |
HIGH SCHOO..)  |   .0026454   .0091757     0.29   0.775    -.0159464    .0212371
SOME COLLEG..  |  -.0059384   .0104161    -0.57   0.572    -.0270433    .0151666
ASSOCIATE D..  |  -.0085303   .0115948    -0.74   0.467    -.0320237    .0149631
ASSOCIATE D..  |   .0073488   .0156663     0.47   0.642    -.0243943    .0390918
BACHELOR'S..)  |  -.0315368    .010127    -3.11   0.004    -.0520562   -.0110175
MASTER'S D..)  |  -.0377127   .0106022    -3.56   0.001    -.0591948   -.0162306
PROFESSION..)  |  -.0370709   .0093367    -3.97   0.000    -.0559888    -.018153
DOCTORATE ..)  |  -.0606867   .0087191    -6.96   0.000    -.0783532   -.0430202
               |
       marista |
MARRIED - S..  |   .0043645   .0161469     0.27   0.788    -.0283522    .0370813
      WIDOWED  |   -.026027   .0068058    -3.82   0.000    -.0398168   -.0122372
     DIVORCED  |  -.0111768    .003834    -2.92   0.006    -.0189452   -.0034084
    SEPARATED  |  -.0002283    .007264    -0.03   0.975    -.0149465      .01449
NEVER MARRIED  |   .0103427   .0041413     2.50   0.017     .0019516    .0187338
               |
 owns_business |
           NO  |   .0303389    .007846     3.87   0.000     .0144414    .0462364
               |
 contract_type |
PART TIME L..  |   .0383943   .0052974     7.25   0.000     .0276606    .0491279
               |
   is_more1job |
           NO  |   .0641322   .0081518     7.87   0.000     .0476152    .0806492
         _cons |   .1306124    .037155     3.52   0.001     .0553292    .2058957
--------------------------------------------------------------------------------

Absorbed degrees of freedom:
---------------------------------------------------------------+
           Absorbed FE | Categories  - Redundant  = Num. Coefs |
-----------------------+---------------------------------------|
   county_code#hrmonth |       296           0         296     |
       naic_id#hrmonth |       108         108           0    *|
---------------------------------------------------------------+
* = FE nested within cluster; treated as redundant for DoF computation

. 
. eststo M7_1

. quietly estadd local FE_S "No", replace

. quietly estadd local FE_ST "Yes", replace

. quietly estadd local FE_I "No", replace

. quietly estadd local FE_IT "Yes", replace

. quietly estadd local WEIG "No", replace

. 
. estadd ysumm, replace

added scalars:
                e(ysd) =  .28998653
               e(ymax) =  1
               e(ymin) =  0
              e(ymean) =  .09267653

. 
. restore

. 
. * robert meeting
. /*
> - show what weights in table with footnoe
> - run herteroskedacity on baseline reg
> */
. 
. 
. /*##########################################
> Tables
> ############################################*/
. // * Prepare estimates for -estout-
. //      estfe . model*, labels(turn "Turn FE" turn#trunk "Turn-Trunk FE")
. //      return list
. //
. // * Run estout/esttab
. //      esttab . model* , indicate("Length Controls=length" `r(indicate_fe)')
. //              
. // * Return stored estimates to their previous state
. //      estfe . model*, restore
. 
. // #delimit ;
. // esttab M1 M2 M3 M4 M5 M6 M7_0 using "tables\Regs_table.csv",
. //      label se star(* 0.10 ** 0.05 *** 0.01)
. //      s(feS feST feP  clPT clST N ymean,
. //      label("State FE" "State Month FE" "Industry FE" "Industry Month FE"
. //      "Analytical Weights" "Observations" "Mean of Dep. Variable"))
. //      keep($InterestVars "hh_income");
. // #delimit cr
. 
. 
. 
. 
. 
. 
. 
. 
end of do-file

. exit, clear
