-----------------------------------------------------------------------------------------------------------------------------------------------------------------------------------
      name:  <unnamed>
       log:  C:\Users\LukasGrahl\Documents\GIT\econometrics22\log\layoff_discr_4_fe.log
  log type:  text
 opened on:  28 Dec 2022, 20:33:59

. use "data\layoff_discr\cps_main_prepro.dta", clear

. 
. *tab unemployement by race and month
. asdoc tabulate race_cat is_layoff, row nofreq chi2 save(tables\Layoff_tab_state.doc)
(File tables\Layoff_tab_state.doc already exists, option append was assumed)

           |       is_layoff
  race_cat |         0          1 |     Total
-----------+----------------------+----------
     asian |     90.40       9.60 |    100.00 
      hisp |     94.67       5.33 |    100.00 
    native |     88.03      11.97 |    100.00 
       poc |     89.42      10.58 |    100.00 
     white |     92.22       7.78 |    100.00 
-----------+----------------------+----------
     Total |     91.77       8.23 |    100.00 

          Pearson chi2(4) = 116.9967   Pr = 0.000
Click to Open File:  tables\Layoff_tab_state.doc

. 
. 
. /*##########################################
> Assumption check
> ##########################################*/
. 
. *corr matrix
. correlate /// 
> is_female is_poc is_asian is_hisp is_native ///
> age age2 new_deathpm new_casespm ///
> is_citiz level_educ hh_income contract_type owns_business is_more1job no_child marista housing_kind
(obs=83,518)

             | is_fem~e   is_poc is_asian  is_hisp is_nat~e      age     age2 new_de~m new_ca~m is_citiz level_~c hh_inc~e contra~e owns_b~s is_mor~b no_child  marista housin~d
-------------+------------------------------------------------------------------------------------------------------------------------------------------------------------------
   is_female |   1.0000
      is_poc |   0.0648   1.0000
    is_asian |  -0.0085  -0.0846   1.0000
     is_hisp |   0.0031  -0.0102  -0.0075   1.0000
   is_native |   0.0063  -0.0411  -0.0301  -0.0036   1.0000
         age |   0.0043  -0.0389  -0.0387  -0.0014  -0.0224   1.0000
        age2 |   0.0042  -0.0394  -0.0438  -0.0019  -0.0235   0.9857   1.0000
 new_deathpm |   0.0082   0.0412   0.0075  -0.0118  -0.0305   0.0063   0.0058   1.0000
 new_casespm |   0.0060   0.0573   0.0082  -0.0152  -0.0396   0.0058   0.0045   0.6273   1.0000
    is_citiz |  -0.0536  -0.0082   0.2147  -0.0027   0.0060  -0.0671  -0.0762   0.0117   0.0168   1.0000
  level_educ |   0.0735  -0.0653   0.1247  -0.0036  -0.0446   0.0543   0.0344   0.0520   0.0703  -0.0701   1.0000
   hh_income |  -0.0557  -0.1422   0.0545  -0.0066  -0.0418   0.0594   0.0379   0.0590   0.0723  -0.0861   0.3566   1.0000
contract_t~e |   0.1415  -0.0046  -0.0215   0.0035  -0.0003   0.0414   0.0896  -0.0172  -0.0228  -0.0070  -0.0904  -0.1506   1.0000
owns_busin~s |   0.0395   0.0746   0.0129   0.0028   0.0192  -0.1272  -0.1322   0.0181   0.0234   0.0369  -0.0502  -0.0919  -0.0762   1.0000
 is_more1job |  -0.0138  -0.0031   0.0135   0.0007   0.0062  -0.0047  -0.0005   0.0184   0.0174   0.0261  -0.0486  -0.0187   0.0298   0.1528   1.0000
    no_child |  -0.0264  -0.0127   0.0188  -0.0010   0.0202  -0.1999  -0.2421  -0.0124  -0.0123   0.0734   0.0423   0.0523  -0.0669  -0.0134  -0.0106   1.0000
     marista |   0.0599   0.1455  -0.0346   0.0133   0.0181  -0.3582  -0.3155   0.0135   0.0228  -0.0340  -0.1067  -0.2832   0.0625   0.1262   0.0016  -0.2947   1.0000
housing_kind |  -0.0064  -0.0099  -0.0401  -0.0059   0.0160  -0.0078  -0.0074  -0.0287  -0.0437   0.0211  -0.1425  -0.1339   0.0206   0.0315   0.0115  -0.0009   0.0274   1.0000


. 
. /*##########################################
> Setting variables and data
> ############################################*/
. * global vars
. global TimeCat "hrmonth"

. 
. global ControlCatWealth " housing_kind hh_income owns_business "

. global ControlCatFam " marista is_citiz " // no_child  

. global ConntrolCatJob " level_educ contract_type is_more1job "

. global ControlContin " age age2 "

. global ControlCovid " new_deathpm new_casespm "

. global ControlProf " teleworkable_wage teleworkable_emp "

. 
. global InterestVars " is_female is_poc is_asian is_hisp is_native "

. global DependVar " is_layoff "

. global Cluster " naic_id "

. 
. * excludig consecutive observation of households
. sort hh_id

. quietly by hh_id:  gen dup = cond(_N==1,0,_n)

. keep if dup<=1
(38,427 observations deleted)

. 
. /*##########################################
> Testing 
> ############################################*/
. 
. * Wald test for heteroskedacity
. xtset us_state

Panel variable: us_state (unbalanced)

. 
. * base line FE model
. xtreg $DependVar $InterestVars, fe

Fixed-effects (within) regression               Number of obs     =     45,117
Group variable: us_state                        Number of groups  =         51

R-squared:                                      Obs per group:
     Within  = 0.0025                                         min =        400
     Between = 0.0011                                         avg =      884.6
     Overall = 0.0024                                         max =      3,812

                                                F(5,45061)        =      22.67
corr(u_i, Xb) = -0.0228                         Prob > F          =     0.0000

------------------------------------------------------------------------------
   is_layoff | Coefficient  Std. err.      t    P>|t|     [95% conf. interval]
-------------+----------------------------------------------------------------
   is_female |   .0187185   .0025956     7.21   0.000     .0136311    .0238059
      is_poc |   .0303767   .0043677     6.95   0.000      .021816    .0389374
    is_asian |   .0021981   .0057683     0.38   0.703    -.0091079    .0135041
     is_hisp |  -.0237178   .0468184    -0.51   0.612    -.1154826    .0680471
   is_native |   .0284091   .0109742     2.59   0.010     .0068995    .0499188
       _cons |   .0701967   .0018691    37.56   0.000     .0665332    .0738602
-------------+----------------------------------------------------------------
     sigma_u |  .02611364
     sigma_e |   .2743514
         rho |   .0089785   (fraction of variance due to u_i)
------------------------------------------------------------------------------
F test that all u_i=0: F(50, 45061) = 7.00                   Prob > F = 0.0000

. eststo FE

. 
. *test for heteroskedacity
. xttest3 // We can reject H0: sigma(i)^2 varies, thus there is herteroskedacity

Modified Wald test for groupwise heteroskedasticity
in fixed effect regression model

H0: sigma(i)^2 = sigma^2 for all i

chi2 (51)  =     350.10
Prob>chi2 =      0.0000


. 
. *baseline RE model
. xtreg $DependVar $InterestVars, re

Random-effects GLS regression                   Number of obs     =     45,117
Group variable: us_state                        Number of groups  =         51

R-squared:                                      Obs per group:
     Within  = 0.0025                                         min =        400
     Between = 0.0040                                         avg =      884.6
     Overall = 0.0024                                         max =      3,812

                                                Wald chi2(5)      =     113.14
corr(u_i, X) = 0 (assumed)                      Prob > chi2       =     0.0000

------------------------------------------------------------------------------
   is_layoff | Coefficient  Std. err.      z    P>|z|     [95% conf. interval]
-------------+----------------------------------------------------------------
   is_female |   .0187819   .0025955     7.24   0.000     .0136948     .023869
      is_poc |   .0299393    .004337     6.90   0.000     .0214388    .0384397
    is_asian |   .0043835   .0057309     0.76   0.444    -.0068488    .0156158
     is_hisp |  -.0162795   .0467242    -0.35   0.728    -.1078573    .0752982
   is_native |   .0295743   .0109333     2.70   0.007     .0081454    .0510032
       _cons |   .0678548   .0035684    19.02   0.000     .0608608    .0748487
-------------+----------------------------------------------------------------
     sigma_u |  .02139893
     sigma_e |   .2743514
         rho |  .00604694   (fraction of variance due to u_i)
------------------------------------------------------------------------------

. eststo RE

. 
. * Hausman test: H0 Difference in coefficients not systematic
. hausman FE RE // we can reject the H0, differences are systematic thus FE

                 ---- Coefficients ----
             |      (b)          (B)            (b-B)     sqrt(diag(V_b-V_B))
             |       FE           RE         Difference       Std. err.
-------------+----------------------------------------------------------------
   is_female |    .0187185     .0187819       -.0000634        .0000188
      is_poc |    .0303767     .0299393        .0004374        .0005162
    is_asian |    .0021981     .0043835       -.0021854        .0006563
     is_hisp |   -.0237178    -.0162795       -.0074383        .0029685
   is_native |    .0284091     .0295743       -.0011652        .0009463
------------------------------------------------------------------------------
                          b = Consistent under H0 and Ha; obtained from xtreg.
           B = Inconsistent under Ha, efficient under H0; obtained from xtreg.

Test of H0: Difference in coefficients not systematic

    chi2(5) = (b-B)'[(V_b-V_B)^(-1)](b-B)
            =  21.25
Prob > chi2 = 0.0007

. * However, the Hausman test is unable to account for heteroskedacity, wherefore we additionally perform the Mundlack test
. 
. * Mundlack test to identify correct model specification
. *##################################
. 
. /*##########################################
> Mundlack test
> ############################################*/
. 
. *H0: The beta coefficient of state variant variables are zero, suggesting no evidence of correlation between effects and panel variable
. 
. * Method suggested by Mundlak, Y. 1978: On the pooling of time series and cross section data. Econometrica 46:69-85., source: https://blog.stata.com/2015/10/29/fixed-effects-or-
> random-effects-the-mundlak-approach/
. 
. preserve

. * get level_educ dummies and means
. local NNums 38 39 40 41 42 43 44 45 46

. foreach x of local NNums{
  2.         display `x'
  3.         
.         quietly gen is_level_educ_`x'=1 if level_educ==`x'
  4.         quietly replace is_level_educ_`x'=0 if is_level_educ_`x'==.
  5.         
.         bysort us_state: egen mean_level_educ_`x' = mean(is_level_educ_`x')
  6.         display mean_level_educ_`x'
  7. }
38
.07248018
39
.30011326
40
.18006796
41
.05209513
42
.06342016
43
.22536807
44
.0781427
45
.01132503
46
.01698754

. 
. * get hh_income dummies and means
. local Nums 1 2 3 4 5 6 7 8 9 10 11 12 13 14 15 16

. foreach x of local Nums{
  2.         display `x'
  3.         
.         quietly gen is_hh_income_`x'=1 if hh_income==`x'
  4.         quietly replace is_hh_income_`x'=0 if is_hh_income_`x'==.
  5.         
.         bysort us_state: egen mean_hh_income_`x' = mean(is_hh_income_`x')
  6.         display mean_hh_income_`x'
  7. }
1
.00679502
2
.00339751
3
.01132503
4
.01812004
5
.01698754
6
.01698754
7
.03284258
8
.0396376
9
.05209513
10
.05322763
11
.09173273
12
.08267271
13
.11891279
14
.14835787
15
.17214043
16
.13476783

. 
. * get age means
. bysort us_state: egen mean_age = mean(age)
(1 missing value generated)

. 
. xtset us_state

Panel variable: us_state (unbalanced)

. 
. quietly xtreg is_layoff age i.(level_educ hh_income) mean_age mean_level_educ_38 mean_level_educ_39 mean_level_educ_40 mean_level_educ_41 mean_level_educ_42 mean_level_educ_43 m
> ean_level_educ_44 mean_level_educ_45 mean_level_educ_46 mean_hh_income_1 mean_hh_income_2 mean_hh_income_3 mean_hh_income_4 mean_hh_income_5 mean_hh_income_6 mean_hh_income_7 me
> an_hh_income_8 mean_hh_income_9 mean_hh_income_10 mean_hh_income_11 mean_hh_income_12 mean_hh_income_13 mean_hh_income_14 mean_hh_income_15 mean_hh_income_16, vce(robust)

. 
. estimates store mundlak

. 
. * Test for zero mean of state variant coefficients, we can reject H0, thus assuming H1, implying that FE is the apropriate model
. test mean_age mean_level_educ_38 mean_level_educ_39 mean_level_educ_40 mean_level_educ_41 mean_level_educ_42 mean_level_educ_43 mean_level_educ_44 mean_level_educ_45 mean_level_
> educ_46 mean_hh_income_1 mean_hh_income_2 mean_hh_income_3 mean_hh_income_4 mean_hh_income_5 mean_hh_income_6 mean_hh_income_7 mean_hh_income_8 mean_hh_income_9 mean_hh_income_1
> 0 mean_hh_income_11 mean_hh_income_12 mean_hh_income_13 mean_hh_income_14 mean_hh_income_15 mean_hh_income_16

 ( 1)  mean_age = 0
 ( 2)  mean_level_educ_38 = 0
 ( 3)  mean_level_educ_39 = 0
 ( 4)  mean_level_educ_40 = 0
 ( 5)  mean_level_educ_41 = 0
 ( 6)  mean_level_educ_42 = 0
 ( 7)  mean_level_educ_43 = 0
 ( 8)  mean_level_educ_44 = 0
 ( 9)  mean_level_educ_45 = 0
 (10)  o.mean_level_educ_46 = 0
 (11)  mean_hh_income_1 = 0
 (12)  mean_hh_income_2 = 0
 (13)  mean_hh_income_3 = 0
 (14)  mean_hh_income_4 = 0
 (15)  mean_hh_income_5 = 0
 (16)  mean_hh_income_6 = 0
 (17)  mean_hh_income_7 = 0
 (18)  mean_hh_income_8 = 0
 (19)  mean_hh_income_9 = 0
 (20)  mean_hh_income_10 = 0
 (21)  mean_hh_income_11 = 0
 (22)  mean_hh_income_12 = 0
 (23)  mean_hh_income_13 = 0
 (24)  mean_hh_income_14 = 0
 (25)  mean_hh_income_15 = 0
 (26)  o.mean_hh_income_16 = 0
       Constraint 10 dropped
       Constraint 26 dropped

           chi2( 24) =  283.69
         Prob > chi2 =    0.0000

. 
. restore

. 
. /*##########################################
> Fixed effect models
> ############################################*/
. 
. * Heteroskedacity
. * As heteroskedacity exists we are clustering our regressions by naic_id, to correct standar errors. We do not use vce(robust), as it assumes observations to be independent. An 
> assumption that in a model of common intercepts by groups (stat and profession) is unlikely to hold.
. 
. 
. *1: BASELINE MODEL
. * State fixed effects, industry not included
. //quietly ///
. reghdfe ///
> $DependVar /// 
> $InterestVars ///
> [aweight=hh_weight] ///
> ,absorb(us_state)
(MWFE estimator converged in 1 iterations)

HDFE Linear regression                            Number of obs   =     45,117
Absorbing 1 HDFE group                            F(   5,  45061) =      28.63
                                                  Prob > F        =     0.0000
                                                  R-squared       =     0.0100
                                                  Adj R-squared   =     0.0088
                                                  Within R-sq.    =     0.0032
                                                  Root MSE        =     0.2852

------------------------------------------------------------------------------
   is_layoff | Coefficient  Std. err.      t    P>|t|     [95% conf. interval]
-------------+----------------------------------------------------------------
   is_female |   .0201978   .0026997     7.48   0.000     .0149063    .0254893
      is_poc |   .0333287    .003978     8.38   0.000     .0255318    .0411255
    is_asian |  -.0019461     .00555    -0.35   0.726    -.0128243     .008932
     is_hisp |  -.0563025   .0477088    -1.18   0.238    -.1498124    .0372075
   is_native |    .026218   .0112909     2.32   0.020     .0040876    .0483484
       _cons |   .0757001   .0019642    38.54   0.000     .0718504    .0795499
------------------------------------------------------------------------------

Absorbed degrees of freedom:
-----------------------------------------------------+
 Absorbed FE | Categories  - Redundant  = Num. Coefs |
-------------+---------------------------------------|
    us_state |        51           0          51     |
-----------------------------------------------------+

. 
. eststo M1

. quietly estadd local FE_S "Yes", replace

. quietly estadd local FE_ST "No", replace

. quietly estadd local FE_I "Yes", replace

. quietly estadd local FE_IT "No", replace

. quietly estadd local WEIG "Yes", replace

. quietly estadd local CLU "Yes", replace

. estadd ysumm, replace

added scalars:
                e(ysd) =  .28643391
               e(ymax) =  1
               e(ymin) =  0
              e(ymean) =  .0901739

. 
. *Heteroskedacity testing
. 
. *2: MODEL
. * State and industry fixed effects
. //quietly ///
. reghdfe ///
> $DependVar /// 
> $InterestVars ///
> [aweight=hh_weight] ///
> ,absorb(us_state naic_id) ///
> vce(cluster $Cluster)
(MWFE estimator converged in 5 iterations)

HDFE Linear regression                            Number of obs   =     45,117
Absorbing 2 HDFE groups                           F(   5,     39) =      74.02
Statistics robust to heteroskedasticity           Prob > F        =     0.0000
                                                  R-squared       =     0.0435
                                                  Adj R-squared   =     0.0415
                                                  Within R-sq.    =     0.0029
Number of clusters (naic_id) =         40         Root MSE        =     0.2804

                               (Std. err. adjusted for 40 clusters in naic_id)
------------------------------------------------------------------------------
             |               Robust
   is_layoff | Coefficient  std. err.      t    P>|t|     [95% conf. interval]
-------------+----------------------------------------------------------------
   is_female |   .0196422   .0020126     9.76   0.000     .0155713    .0237131
      is_poc |    .032279   .0039919     8.09   0.000     .0242047    .0403534
    is_asian |   .0004006   .0025485     0.16   0.876    -.0047543    .0055554
     is_hisp |  -.0363631   .0333209    -1.09   0.282    -.1037609    .0310348
   is_native |   .0254872    .009073     2.81   0.008     .0071354     .043839
       _cons |   .0759508   .0008913    85.22   0.000      .074148    .0777535
------------------------------------------------------------------------------

Absorbed degrees of freedom:
-----------------------------------------------------+
 Absorbed FE | Categories  - Redundant  = Num. Coefs |
-------------+---------------------------------------|
    us_state |        51           0          51     |
     naic_id |        40          40           0    *|
-----------------------------------------------------+
* = FE nested within cluster; treated as redundant for DoF computation

. 
. eststo M2

. quietly estadd local FE_S "Yes", replace

. quietly estadd local FE_ST "No", replace

. quietly estadd local FE_I "Yes", replace

. quietly estadd local FE_IT "No", replace

. quietly estadd local WEIG "Yes", replace

. quietly estadd local CLU "Yes", replace

. estadd ysumm, replace

added scalars:
                e(ysd) =  .28643391
               e(ymax) =  1
               e(ymin) =  0
              e(ymean) =  .0901739

. 
. *3: MODEL
. * Controll for age and Job
. //quietly ///
. reghdfe ///
> $DependVar /// 
> $InterestVars ///
> $ControlContin ///
> i.( $ConntrolCatJob ) ///
> i.$TimeCat ///
> [aweight=hh_weight] ///
> ,absorb(us_state naic_id) ///
> vce(cluster $Cluster)
(MWFE estimator converged in 5 iterations)

HDFE Linear regression                            Number of obs   =     45,117
Absorbing 2 HDFE groups                           F(  19,     39) =     505.86
Statistics robust to heteroskedasticity           Prob > F        =     0.0000
                                                  R-squared       =     0.0955
                                                  Adj R-squared   =     0.0933
                                                  Within R-sq.    =     0.0572
Number of clusters (naic_id) =         40         Root MSE        =     0.2727

                                                                (Std. err. adjusted for 40 clusters in naic_id)
---------------------------------------------------------------------------------------------------------------
                                              |               Robust
                                    is_layoff | Coefficient  std. err.      t    P>|t|     [95% conf. interval]
----------------------------------------------+----------------------------------------------------------------
                                    is_female |   .0189757   .0015662    12.12   0.000     .0158077    .0221437
                                       is_poc |   .0260503   .0042574     6.12   0.000     .0174389    .0346616
                                     is_asian |   .0181442   .0029742     6.10   0.000     .0121284      .02416
                                      is_hisp |  -.0335079     .02986    -1.12   0.269    -.0939055    .0268897
                                    is_native |   .0125775    .010935     1.15   0.257    -.0095406    .0346957
                                          age |   -.003853   .0006308    -6.11   0.000    -.0051289   -.0025772
                                         age2 |   .0000381   7.04e-06     5.41   0.000     .0000238    .0000523
                                              |
                                   level_educ |
     high school grad-diploma or equiv (ged)  |   -.014407   .0107295    -1.34   0.187    -.0361095    .0072954
                  some college but no degree  |  -.0129821   .0107645    -1.21   0.235    -.0347554    .0087911
    associate degree-occupational/vocational  |  -.0385288   .0091288    -4.22   0.000    -.0569935    -.020064
           associate degree-academic program  |  -.0293179   .0119235    -2.46   0.018    -.0534355   -.0052004
          bachelor's degree (ex: ba, ab, bs)  |  -.0566671   .0103443    -5.48   0.000    -.0775904   -.0357438
master's degree (ex: ma, ms, meng, med, msw)  |  -.0782209    .009741    -8.03   0.000    -.0979239   -.0585179
  professional school deg (ex: md, dds, dvm)  |  -.0725957   .0093112    -7.80   0.000    -.0914293   -.0537621
             doctorate degree (ex: phd, edd)  |  -.0988852   .0087722   -11.27   0.000    -.1166287   -.0811417
                                              |
                                contract_type |
                                   part-time  |   .0308343     .01341     2.30   0.027     .0037101    .0579585
                                              |
                                  is_more1job |
                                  1 job only  |   .0774662   .0091466     8.47   0.000     .0589654     .095967
                                              |
                                      hrmonth |
                                         Apr  |   .1248506   .0154962     8.06   0.000     .0935066    .1561947
                                         Mai  |   .1025775   .0133796     7.67   0.000     .0755148    .1296403
                                              |
                                        _cons |   .0509356   .0279881     1.82   0.076    -.0056758    .1075469
---------------------------------------------------------------------------------------------------------------

Absorbed degrees of freedom:
-----------------------------------------------------+
 Absorbed FE | Categories  - Redundant  = Num. Coefs |
-------------+---------------------------------------|
    us_state |        51           0          51     |
     naic_id |        40          40           0    *|
-----------------------------------------------------+
* = FE nested within cluster; treated as redundant for DoF computation

. 
. 
. eststo M3

. quietly estadd local FE_S "Yes", replace

. quietly estadd local FE_ST "No", replace

. quietly estadd local FE_I "Yes", replace

. quietly estadd local FE_IT "No", replace

. quietly estadd local WEIG "Yes", replace

. quietly estadd local CLU "Yes", replace

. quietly estadd ysumm, replace

. 
. 
. *4: Model
. * adding control variables realting to wealth and family
. //quietly ///
. reghdfe ///
> $DependVar $InterestVars ///
> $ControlContin ///
> i.( $ConntrolCatJob $ControlCatWealth $ControlCatFam ) ///
> i.$TimeCat ///
> [aweight=hh_weight] ///
> ,absorb(us_state naic_id) ///
> vce(cluster $Cluster)
(MWFE estimator converged in 5 iterations)
warning: missing F statistic; dropped variables due to collinearity or too few clusters

HDFE Linear regression                            Number of obs   =     45,117
Absorbing 2 HDFE groups                           F(  49,     39) =          .
Statistics robust to heteroskedasticity           Prob > F        =          .
                                                  R-squared       =     0.1062
                                                  Adj R-squared   =     0.1035
                                                  Within R-sq.    =     0.0683
Number of clusters (naic_id) =         40         Root MSE        =     0.2712

                                                                        (Std. err. adjusted for 40 clusters in naic_id)
-----------------------------------------------------------------------------------------------------------------------
                                                      |               Robust
                                            is_layoff | Coefficient  std. err.      t    P>|t|     [95% conf. interval]
------------------------------------------------------+----------------------------------------------------------------
                                            is_female |   .0166038   .0015417    10.77   0.000     .0134854    .0197223
                                               is_poc |   .0138332   .0046359     2.98   0.005     .0044562    .0232101
                                             is_asian |   .0141058   .0037004     3.81   0.000     .0066209    .0215906
                                              is_hisp |  -.0410426    .032278    -1.27   0.211    -.1063309    .0242458
                                            is_native |   .0068627   .0110969     0.62   0.540    -.0155828    .0293083
                                                  age |  -.0028018   .0006033    -4.64   0.000    -.0040221   -.0015815
                                                 age2 |   .0000303   6.18e-06     4.90   0.000     .0000178    .0000428
                                                      |
                                           level_educ |
             high school grad-diploma or equiv (ged)  |  -.0070967   .0085221    -0.83   0.410    -.0243341    .0101408
                          some college but no degree  |   .0010605   .0081358     0.13   0.897    -.0153957    .0175167
            associate degree-occupational/vocational  |  -.0216938    .006776    -3.20   0.003    -.0353996   -.0079879
                   associate degree-academic program  |   -.012063   .0090307    -1.34   0.189    -.0303294    .0062034
                  bachelor's degree (ex: ba, ab, bs)  |  -.0320335   .0081318    -3.94   0.000    -.0484816   -.0155853
        master's degree (ex: ma, ms, meng, med, msw)  |  -.0477153   .0081686    -5.84   0.000    -.0642378   -.0311927
          professional school deg (ex: md, dds, dvm)  |  -.0366371   .0078801    -4.65   0.000    -.0525761   -.0206981
                     doctorate degree (ex: phd, edd)  |  -.0659128   .0073789    -8.93   0.000    -.0808381   -.0509876
                                                      |
                                        contract_type |
                                           part-time  |   .0263566   .0121391     2.17   0.036      .001803    .0509103
                                                      |
                                          is_more1job |
                                          1 job only  |   .0698254   .0079501     8.78   0.000     .0537449     .085906
                                                      |
                                         housing_kind |
               hu in nontransient hotel, motel, etc.  |   .0137309   .0510741     0.27   0.789    -.0895761     .117038
              hu permanent in transient hotel, motel  |   -.064666   .0799758    -0.81   0.424    -.2264323    .0971003
                                 hu in rooming house  |   .1827301   .0811802     2.25   0.030     .0185277    .3469325
        mobile home or trailer w/no perm. room added  |  -.0247863   .0059755    -4.15   0.000    -.0368729   -.0126998
mobile home or trailer w/1 or more perm. rooms added  |  -.0013406   .0116461    -0.12   0.909     -.024897    .0222158
                              hu not specified above  |  -.1898285   .0762848    -2.49   0.017    -.3441291   -.0355279
                   unoccupied tent site or trlr site  |  -.1518853   .0071675   -21.19   0.000    -.1663831   -.1373876
                      other unit not specified above  |     -.1059   .0099954   -10.59   0.000    -.1261176   -.0856824
                                                      |
                                            hh_income |
                                   Income: 5 > < 7.5  |   -.062744   .0332821    -1.89   0.067    -.1300634    .0045755
                                  Income: 7.5 > < 10  |   .0323185   .0199814     1.62   0.114    -.0080977    .0727347
                                 Income: 10 > < 12.5  |  -.0234135   .0242583    -0.97   0.340    -.0724805    .0256535
                                 Income: 12.5 > < 15  |  -.0589124   .0142698    -4.13   0.000    -.0877759    -.030049
                                   Income: 15 > < 20  |  -.0586299   .0142465    -4.12   0.000    -.0874462   -.0298136
                                   Income: 20 > < 25  |  -.0732958   .0165786    -4.42   0.000    -.1068292   -.0397624
                                   Income: 25 > < 30  |  -.0822695   .0164503    -5.00   0.000    -.1155434   -.0489955
                                   Income: 30 > < 35  |  -.0658706   .0128581    -5.12   0.000    -.0918785   -.0398626
                                   Income: 35 > < 40  |  -.0919307   .0141474    -6.50   0.000    -.1205464   -.0633149
                                   Income: 40 > < 50  |  -.0927071   .0129293    -7.17   0.000    -.1188591   -.0665551
                                   Income: 50 > < 60  |  -.0975511   .0192989    -5.05   0.000    -.1365869   -.0585153
                                   Income: 60 > < 75  |  -.1091435   .0122669    -8.90   0.000    -.1339556   -.0843314
                                  Income: 75 > < 100  |  -.1203489   .0129708    -9.28   0.000    -.1465848   -.0941131
                                 Income: 100 > < 150  |  -.1321003   .0161452    -8.18   0.000    -.1647571   -.0994436
                                       Income: 150 >  |  -.1355334   .0133262   -10.17   0.000    -.1624883   -.1085786
                                                      |
                                        owns_business |
                               does not own business  |   .0274036   .0063673     4.30   0.000     .0145246    .0402826
                                                      |
                                              marista |
                             married - spouse absent  |   .0067339   .0085617     0.79   0.436    -.0105838    .0240515
                                             widowed  |  -.0236435   .0042176    -5.61   0.000    -.0321743   -.0151126
                                            divorced  |   -.008607   .0029906    -2.88   0.006     -.014656    -.002558
                                           separated  |  -.0049304   .0086245    -0.57   0.571    -.0223752    .0125143
                                       never married  |   .0058289   .0031291     1.86   0.070    -.0005003    .0121581
                                                      |
                                             is_citiz |
                                   no us citizenship  |   .0056017   .0069979     0.80   0.428    -.0085528    .0197563
                                                      |
                                              hrmonth |
                                                 Apr  |   .1258139   .0155228     8.11   0.000     .0944161    .1572116
                                                 Mai  |   .1046785   .0137887     7.59   0.000     .0767883    .1325687
                                                      |
                                                _cons |   .0979272   .0320896     3.05   0.004     .0330198    .1628346
-----------------------------------------------------------------------------------------------------------------------

Absorbed degrees of freedom:
-----------------------------------------------------+
 Absorbed FE | Categories  - Redundant  = Num. Coefs |
-------------+---------------------------------------|
    us_state |        51           0          51     |
     naic_id |        40          40           0    *|
-----------------------------------------------------+
* = FE nested within cluster; treated as redundant for DoF computation

. 
. eststo M4

. quietly estadd local FE_S "Yes", replace

. quietly estadd local FE_ST "No", replace

. quietly estadd local FE_I "Yes", replace

. quietly estadd local FE_IT "No", replace

. quietly estadd local WEIG "Yes", replace

. quietly estadd local CLU "Yes", replace

. estadd ysumm, replace

added scalars:
                e(ysd) =  .28643391
               e(ymax) =  1
               e(ymin) =  0
              e(ymean) =  .0901739

. 
. 
. *5: MODEL
. * adding covid cases and time dimension
. //quietly ///
. reghdfe ///
> $DependVar $InterestVars ///
> $ControlContin ///
> i.$ConntrolCatJob i.$ControlCatWealth i.$ControlCatFam ///
> $ControlCovid ///
> i.$TimeCat ///
> [aweight=hh_weight] ///
> ,absorb(us_state naic_id) ///
> vce(cluster $Cluster)
(MWFE estimator converged in 5 iterations)

HDFE Linear regression                            Number of obs   =     45,117
Absorbing 2 HDFE groups                           F(  37,     39) =  165768.45
Statistics robust to heteroskedasticity           Prob > F        =     0.0000
                                                  R-squared       =     0.1057
                                                  Adj R-squared   =     0.1032
                                                  Within R-sq.    =     0.0678
Number of clusters (naic_id) =         40         Root MSE        =     0.2713

                                                                        (Std. err. adjusted for 40 clusters in naic_id)
-----------------------------------------------------------------------------------------------------------------------
                                                      |               Robust
                                            is_layoff | Coefficient  std. err.      t    P>|t|     [95% conf. interval]
------------------------------------------------------+----------------------------------------------------------------
                                            is_female |   .0164181   .0015518    10.58   0.000     .0132793     .019557
                                               is_poc |   .0139691   .0046438     3.01   0.005     .0045762     .023362
                                             is_asian |   .0144481   .0034893     4.14   0.000     .0073903    .0215059
                                              is_hisp |  -.0460174   .0342745    -1.34   0.187     -.115344    .0233093
                                            is_native |   .0068341   .0109924     0.62   0.538    -.0154002    .0290683
                                                  age |  -.0027824   .0005964    -4.67   0.000    -.0039886   -.0015761
                                                 age2 |   .0000301   6.13e-06     4.91   0.000     .0000177    .0000425
                                                      |
                                           level_educ |
             high school grad-diploma or equiv (ged)  |  -.0062653   .0084613    -0.74   0.463    -.0233799    .0108494
                          some college but no degree  |    .001406   .0082448     0.17   0.865    -.0152707    .0180827
            associate degree-occupational/vocational  |  -.0213237    .006865    -3.11   0.004    -.0352094    -.007438
                   associate degree-academic program  |  -.0117304   .0091492    -1.28   0.207    -.0302364    .0067756
                  bachelor's degree (ex: ba, ab, bs)  |  -.0316709    .008321    -3.81   0.000    -.0485016   -.0148402
        master's degree (ex: ma, ms, meng, med, msw)  |  -.0476769   .0084193    -5.66   0.000    -.0647066   -.0306472
          professional school deg (ex: md, dds, dvm)  |  -.0363645   .0080294    -4.53   0.000    -.0526054   -.0201236
                     doctorate degree (ex: phd, edd)  |  -.0656284   .0075814    -8.66   0.000    -.0809633   -.0502935
                                                      |
                                        contract_type |   .0263848   .0120376     2.19   0.034     .0020366    .0507331
                                          is_more1job |   .0693618   .0079453     8.73   0.000      .053291    .0854327
                                                      |
                                         housing_kind |
               hu in nontransient hotel, motel, etc.  |   .0122434   .0490995     0.25   0.804    -.0870698    .1115566
              hu permanent in transient hotel, motel  |  -.0583377    .080337    -0.73   0.472    -.2208346    .1041592
                                 hu in rooming house  |   .1872566   .0811802     2.31   0.026     .0230542    .3514589
        mobile home or trailer w/no perm. room added  |  -.0245793    .005793    -4.24   0.000    -.0362968   -.0128618
mobile home or trailer w/1 or more perm. rooms added  |  -.0017529   .0117623    -0.15   0.882    -.0255444    .0220386
                              hu not specified above  |  -.1831415   .0733702    -2.50   0.017    -.3315468   -.0347362
                   unoccupied tent site or trlr site  |  -.1396014   .0062941   -22.18   0.000    -.1523325   -.1268704
                      other unit not specified above  |  -.1045678   .0091751   -11.40   0.000    -.1231261   -.0860094
                                                      |
                                            hh_income |  -.0083485   .0002808   -29.73   0.000    -.0089164   -.0077806
                                        owns_business |   .0271864   .0064307     4.23   0.000      .014179    .0401938
                                                      |
                                              marista |
                             married - spouse absent  |   .0079064   .0082942     0.95   0.346    -.0088702     .024683
                                             widowed  |  -.0229937   .0042524    -5.41   0.000     -.031595   -.0143923
                                            divorced  |  -.0084207    .003018    -2.79   0.008    -.0145253   -.0023162
                                           separated  |  -.0054319   .0088173    -0.62   0.541    -.0232666    .0124028
                                       never married  |   .0062518   .0030803     2.03   0.049     .0000213    .0124823
                                                      |
                                             is_citiz |   .0053742      .0069     0.78   0.441    -.0085824    .0193307
                                          new_deathpm |   .0004413    .000119     3.71   0.001     .0002007     .000682
                                          new_casespm |   .0004148   .0006041     0.69   0.496    -.0008071    .0016366
                                                      |
                                              hrmonth |
                                                 Apr  |   .1203578   .0127394     9.45   0.000     .0945898    .1461257
                                                 Mai  |   .0934327   .0105395     8.86   0.000     .0721145    .1147509
                                                      |
                                                _cons |  -.0291416   .0317738    -0.92   0.365    -.0934102    .0351271
-----------------------------------------------------------------------------------------------------------------------

Absorbed degrees of freedom:
-----------------------------------------------------+
 Absorbed FE | Categories  - Redundant  = Num. Coefs |
-------------+---------------------------------------|
    us_state |        51           0          51     |
     naic_id |        40          40           0    *|
-----------------------------------------------------+
* = FE nested within cluster; treated as redundant for DoF computation

. 
. eststo M5

. quietly estadd local FE_S "Yes", replace

. quietly estadd local FE_ST "No", replace

. quietly estadd local FE_I "Yes", replace

. quietly estadd local FE_IT "No", replace

. quietly estadd local WEIG "Yes", replace

. quietly estadd local CLU "Yes", replace

. estadd ysumm, replace

added scalars:
                e(ysd) =  .28643391
               e(ymax) =  1
               e(ymin) =  0
              e(ymean) =  .0901739

. 
. *6: Model
. * we believe there is a fixed effect of state&time, implying that something (policy) 
. * varies over time, and that this needs to be accounted for
. //quietly ///
. reghdfe ///
> $DependVar $InterestVars ///
> $ControlContin ///
> i.$ConntrolCatJob i.$ControlCatWealth i.$ControlCatFam ///
> [aweight=hh_weight] ///
> ,absorb(us_state#hrmonth naic_id) ///
> vce(cluster $Cluster)
(MWFE estimator converged in 5 iterations)

HDFE Linear regression                            Number of obs   =     45,117
Absorbing 2 HDFE groups                           F(  33,     39) =    2644.59
Statistics robust to heteroskedasticity           Prob > F        =     0.0000
                                                  R-squared       =     0.1106
                                                  Adj R-squared   =     0.1062
                                                  Within R-sq.    =     0.0311
Number of clusters (naic_id) =         40         Root MSE        =     0.2708

                                                                        (Std. err. adjusted for 40 clusters in naic_id)
-----------------------------------------------------------------------------------------------------------------------
                                                      |               Robust
                                            is_layoff | Coefficient  std. err.      t    P>|t|     [95% conf. interval]
------------------------------------------------------+----------------------------------------------------------------
                                            is_female |   .0161331   .0015918    10.14   0.000     .0129135    .0193528
                                               is_poc |   .0144356   .0044948     3.21   0.003      .005344    .0235271
                                             is_asian |   .0146589   .0034359     4.27   0.000     .0077091    .0216087
                                              is_hisp |  -.0434736   .0392963    -1.11   0.275    -.1229578    .0360105
                                            is_native |   .0066025    .010688     0.62   0.540    -.0150159    .0282209
                                                  age |  -.0027768   .0005735    -4.84   0.000    -.0039367   -.0016168
                                                 age2 |   .0000302   5.95e-06     5.07   0.000     .0000182    .0000422
                                                      |
                                           level_educ |
             high school grad-diploma or equiv (ged)  |  -.0062867   .0084879    -0.74   0.463    -.0234551    .0108818
                          some college but no degree  |   .0011834   .0080551     0.15   0.884    -.0151096    .0174764
            associate degree-occupational/vocational  |  -.0210844   .0067596    -3.12   0.003     -.034757   -.0074117
                   associate degree-academic program  |  -.0113173   .0093607    -1.21   0.234    -.0302512    .0076166
                  bachelor's degree (ex: ba, ab, bs)  |  -.0315565   .0083546    -3.78   0.001    -.0484552   -.0146577
        master's degree (ex: ma, ms, meng, med, msw)  |  -.0473756   .0085001    -5.57   0.000    -.0645687   -.0301824
          professional school deg (ex: md, dds, dvm)  |  -.0357845   .0080777    -4.43   0.000    -.0521232   -.0194458
                     doctorate degree (ex: phd, edd)  |  -.0654474   .0074605    -8.77   0.000    -.0805378    -.050357
                                                      |
                                        contract_type |   .0268411   .0118493     2.27   0.029     .0028737    .0508086
                                          is_more1job |   .0695579   .0080742     8.61   0.000     .0532262    .0858895
                                                      |
                                         housing_kind |
               hu in nontransient hotel, motel, etc.  |    .009529   .0501517     0.19   0.850    -.0919125    .1109705
              hu permanent in transient hotel, motel  |  -.0583793   .0873832    -0.67   0.508    -.2351286      .11837
                                 hu in rooming house  |   .1903359   .0829752     2.29   0.027     .0225028     .358169
        mobile home or trailer w/no perm. room added  |  -.0233241     .00548    -4.26   0.000    -.0344085   -.0122397
mobile home or trailer w/1 or more perm. rooms added  |  -.0042629   .0115355    -0.37   0.714    -.0275957      .01907
                              hu not specified above  |  -.1778808   .0658848    -2.70   0.010    -.3111454   -.0446163
                   unoccupied tent site or trlr site  |  -.1304441   .0073822   -17.67   0.000    -.1453759   -.1155122
                      other unit not specified above  |  -.1040794   .0126579    -8.22   0.000    -.1296823   -.0784764
                                                      |
                                            hh_income |  -.0083642   .0002842   -29.43   0.000    -.0089392   -.0077893
                                        owns_business |   .0265611   .0065497     4.06   0.000     .0133131    .0398092
                                                      |
                                              marista |
                             married - spouse absent  |   .0085514     .00776     1.10   0.277    -.0071446    .0242474
                                             widowed  |  -.0226932    .004044    -5.61   0.000     -.030873   -.0145135
                                            divorced  |  -.0083729   .0030952    -2.71   0.010    -.0146335   -.0021123
                                           separated  |  -.0050325   .0088012    -0.57   0.571    -.0228347    .0127697
                                       never married  |   .0065966    .003063     2.15   0.038     .0004011    .0127921
                                                      |
                                             is_citiz |   .0053079   .0070367     0.75   0.455    -.0089252    .0195411
                                                _cons |   .0428429   .0254414     1.68   0.100    -.0086173     .094303
-----------------------------------------------------------------------------------------------------------------------

Absorbed degrees of freedom:
------------------------------------------------------------+
        Absorbed FE | Categories  - Redundant  = Num. Coefs |
--------------------+---------------------------------------|
   us_state#hrmonth |       153           0         153     |
            naic_id |        40          40           0    *|
------------------------------------------------------------+
* = FE nested within cluster; treated as redundant for DoF computation

. 
. eststo M6

. quietly estadd local FE_S "No", replace

. quietly estadd local FE_ST "Yes", replace

. quietly estadd local FE_I "Yes", replace

. quietly estadd local FE_IT "No", replace

. quietly estadd local WEIG "Yes", replace

. quietly estadd local CLU "Yes", replace

. estadd ysumm, replace

added scalars:
                e(ysd) =  .28643391
               e(ymax) =  1
               e(ymin) =  0
              e(ymean) =  .0901739

. 
. 
. *7: Model
. * we believe there is some significance to time&profession effects, wherefore 
. * we add these alongside the state&time fixed effect
. //quietly ///
. reghdfe ///
> $DependVar $InterestVars ///
> $ControlContin ///
> i.$ConntrolCatJob i.$ControlCatWealth i.$ControlCatFam ///
> [aweight=hh_weight] ///
> ,absorb(us_state#hrmonth naic_id#hrmonth) ///
> vce(cluster $Cluster)
(dropped 1 singleton observations)
(MWFE estimator converged in 5 iterations)

HDFE Linear regression                            Number of obs   =     45,116
Absorbing 2 HDFE groups                           F(  33,     39) =   12716.28
Statistics robust to heteroskedasticity           Prob > F        =     0.0000
                                                  R-squared       =     0.1286
                                                  Adj R-squared   =     0.1227
                                                  Within R-sq.    =     0.0318
Number of clusters (naic_id) =         40         Root MSE        =     0.2683

                                                                        (Std. err. adjusted for 40 clusters in naic_id)
-----------------------------------------------------------------------------------------------------------------------
                                                      |               Robust
                                            is_layoff | Coefficient  std. err.      t    P>|t|     [95% conf. interval]
------------------------------------------------------+----------------------------------------------------------------
                                            is_female |   .0163531   .0016304    10.03   0.000     .0130553    .0196509
                                               is_poc |   .0138048    .003936     3.51   0.001     .0058436    .0217661
                                             is_asian |   .0156887     .00343     4.57   0.000     .0087509    .0226266
                                              is_hisp |  -.0490857    .036939    -1.33   0.192    -.1238019    .0256305
                                            is_native |   .0070489   .0107616     0.66   0.516    -.0147185    .0288163
                                                  age |  -.0026737   .0005662    -4.72   0.000     -.003819   -.0015283
                                                 age2 |   .0000291   5.89e-06     4.95   0.000     .0000172     .000041
                                                      |
                                           level_educ |
             high school grad-diploma or equiv (ged)  |   -.005952   .0079187    -0.75   0.457    -.0219691    .0100651
                          some college but no degree  |   .0024233   .0082062     0.30   0.769    -.0141753    .0190218
            associate degree-occupational/vocational  |  -.0193297   .0064391    -3.00   0.005     -.032354   -.0063054
                   associate degree-academic program  |  -.0110425   .0093113    -1.19   0.243    -.0298764    .0077914
                  bachelor's degree (ex: ba, ab, bs)  |  -.0303647   .0085086    -3.57   0.001    -.0475749   -.0131545
        master's degree (ex: ma, ms, meng, med, msw)  |  -.0459803    .008572    -5.36   0.000    -.0633187   -.0286418
          professional school deg (ex: md, dds, dvm)  |  -.0342157   .0086427    -3.96   0.000    -.0516972   -.0167342
                     doctorate degree (ex: phd, edd)  |  -.0634392   .0083191    -7.63   0.000    -.0802662   -.0466121
                                                      |
                                        contract_type |   .0279755   .0114303     2.45   0.019     .0048556    .0510954
                                          is_more1job |   .0697781   .0081563     8.56   0.000     .0532803    .0862758
                                                      |
                                         housing_kind |
               hu in nontransient hotel, motel, etc.  |   .0012787   .0602951     0.02   0.983    -.1206797    .1232371
              hu permanent in transient hotel, motel  |  -.0664289   .0949057    -0.70   0.488    -.2583939    .1255361
                                 hu in rooming house  |   .2090402   .0993747     2.10   0.042     .0080359    .4100444
        mobile home or trailer w/no perm. room added  |  -.0238798   .0053231    -4.49   0.000    -.0346468   -.0131128
mobile home or trailer w/1 or more perm. rooms added  |  -.0044918   .0141216    -0.32   0.752    -.0330554    .0240718
                              hu not specified above  |  -.2110724   .0885413    -2.38   0.022    -.3901642   -.0319807
                   unoccupied tent site or trlr site  |  -.1238931   .0076525   -16.19   0.000    -.1393718   -.1084144
                      other unit not specified above  |  -.0963034   .0070267   -13.71   0.000    -.1105163   -.0820905
                                                      |
                                            hh_income |  -.0085156   .0002513   -33.88   0.000    -.0090239   -.0080073
                                        owns_business |   .0256833   .0059598     4.31   0.000     .0136284    .0377382
                                                      |
                                              marista |
                             married - spouse absent  |   .0081783   .0080795     1.01   0.318    -.0081641    .0245206
                                             widowed  |  -.0222064   .0036781    -6.04   0.000     -.029646   -.0147668
                                            divorced  |  -.0088289   .0029657    -2.98   0.005    -.0148276   -.0028302
                                           separated  |  -.0055674    .009058    -0.61   0.542    -.0238888     .012754
                                       never married  |   .0060778   .0031445     1.93   0.061    -.0002825    .0124381
                                                      |
                                             is_citiz |   .0056736   .0066724     0.85   0.400    -.0078226    .0191699
                                                _cons |   .0415717    .025552     1.63   0.112    -.0101121    .0932556
-----------------------------------------------------------------------------------------------------------------------

Absorbed degrees of freedom:
------------------------------------------------------------+
        Absorbed FE | Categories  - Redundant  = Num. Coefs |
--------------------+---------------------------------------|
   us_state#hrmonth |       153           0         153     |
    naic_id#hrmonth |       118         118           0    *|
------------------------------------------------------------+
* = FE nested within cluster; treated as redundant for DoF computation

. 
. eststo M7

. quietly estadd local FE_S "No", replace

. quietly estadd local FE_ST "Yes", replace

. quietly estadd local FE_I "No", replace

. quietly estadd local FE_IT "Yes", replace

. quietly estadd local WEIG "Yes", replace

. quietly estadd local CLU "Yes", replace

. estadd ysumm, replace

added scalars:
                e(ysd) =  .286437
               e(ymax) =  1
               e(ymin) =  0
              e(ymean) =  .09017606

. 
. esttab M7

----------------------------
                      (1)   
                is_layoff   
----------------------------
is_female          0.0164***
                  (10.03)   

is_poc             0.0138** 
                   (3.51)   

is_asian           0.0157***
                   (4.57)   

is_hisp           -0.0491   
                  (-1.33)   

is_native         0.00705   
                   (0.66)   

age              -0.00267***
                  (-4.72)   

age2            0.0000291***
                   (4.95)   

38.level_e~c            0   
                      (.)   

39.level_e~c     -0.00595   
                  (-0.75)   

40.level_e~c      0.00242   
                   (0.30)   

41.level_e~c      -0.0193** 
                  (-3.00)   

42.level_e~c      -0.0110   
                  (-1.19)   

43.level_e~c      -0.0304***
                  (-3.57)   

44.level_e~c      -0.0460***
                  (-5.36)   

45.level_e~c      -0.0342***
                  (-3.96)   

46.level_e~c      -0.0634***
                  (-7.63)   

contract_t~e       0.0280*  
                   (2.45)   

is_more1job        0.0698***
                   (8.56)   

1.housing_~d            0   
                      (.)   

2.housing_~d      0.00128   
                   (0.02)   

3.housing_~d      -0.0664   
                  (-0.70)   

4.housing_~d        0.209*  
                   (2.10)   

5.housing_~d      -0.0239***
                  (-4.49)   

6.housing_~d     -0.00449   
                  (-0.32)   

7.housing_~d       -0.211*  
                  (-2.38)   

10.housing~d       -0.124***
                 (-16.19)   

12.housing~d      -0.0963***
                 (-13.71)   

hh_income        -0.00852***
                 (-33.88)   

owns_busin~s       0.0257***
                   (4.31)   

1.marista               0   
                      (.)   

2.marista         0.00818   
                   (1.01)   

3.marista         -0.0222***
                  (-6.04)   

4.marista        -0.00883** 
                  (-2.98)   

5.marista        -0.00557   
                  (-0.61)   

6.marista         0.00608   
                   (1.93)   

is_citiz          0.00567   
                   (0.85)   

_cons              0.0416   
                   (1.63)   
----------------------------
N                   45116   
----------------------------
t statistics in parentheses
* p<0.05, ** p<0.01, *** p<0.001

. 
. /*##########################################
> FE for County instead of state
> ############################################*/
. preserve

. drop if county_code==.
(26,729 observations deleted)

. 
. * get this to table - different percentages
. asdoc tabulate race_cat is_layoff, row nofreq chi2 save(tables\Layoff_tab_county.doc)
(File tables\Layoff_tab_county.doc already exists, option append was assumed)

           |       is_layoff
  race_cat |         0          1 |     Total
-----------+----------------------+----------
     asian |     91.10       8.90 |    100.00 
      hisp |     91.30       8.70 |    100.00 
    native |     89.86      10.14 |    100.00 
       poc |     87.80      12.20 |    100.00 
     white |     91.03       8.97 |    100.00 
-----------+----------------------+----------
     Total |     90.61       9.39 |    100.00 

          Pearson chi2(4) =  25.5150   Pr = 0.000
Click to Open File:  tables\Layoff_tab_county.doc

. 
. // quietly ///
. reghdfe ///
> $DependVar /// 
> $InterestVars ///
> $ControlContin ///
> i.($ControlCatJob $ConntrolCatFam $ControlCatWealth ) ///
> ,absorb(county_code#hrmonth naic_id#hrmonth) ///
> vce(cluster $Cluster)
(dropped 10 singleton observations)
(MWFE estimator converged in 6 iterations)

HDFE Linear regression                            Number of obs   =     18,379
Absorbing 2 HDFE groups                           F(  31,     38) =   20145.19
Statistics robust to heteroskedasticity           Prob > F        =     0.0000
                                                  R-squared       =     0.1532
                                                  Adj R-squared   =     0.1328
                                                  Within R-sq.    =     0.0255
Number of clusters (naic_id) =         39         Root MSE        =     0.2717

                                                                        (Std. err. adjusted for 39 clusters in naic_id)
-----------------------------------------------------------------------------------------------------------------------
                                                      |               Robust
                                            is_layoff | Coefficient  std. err.      t    P>|t|     [95% conf. interval]
------------------------------------------------------+----------------------------------------------------------------
                                            is_female |    .013429   .0019363     6.94   0.000     .0095092    .0173488
                                               is_poc |   .0161291   .0055192     2.92   0.006      .004956    .0273022
                                             is_asian |  -.0029157    .003913    -0.75   0.461    -.0108371    .0050057
                                              is_hisp |  -.0457918   .0351821    -1.30   0.201    -.1170141    .0254306
                                            is_native |  -.0144016   .0141106    -1.02   0.314    -.0429669    .0141637
                                                  age |  -.0046089   .0008802    -5.24   0.000    -.0063908    -.002827
                                                 age2 |   .0000474   9.52e-06     4.98   0.000     .0000282    .0000667
                                                      |
                                         housing_kind |
               hu in nontransient hotel, motel, etc.  |   .0551977     .01152     4.79   0.000     .0318767    .0785187
              hu permanent in transient hotel, motel  |   .1904925     .12344     1.54   0.131    -.0593987    .4403837
                                 hu in rooming house  |   .1936881   .1553063     1.25   0.220    -.1207131    .5080893
        mobile home or trailer w/no perm. room added  |   -.033713   .0123595    -2.73   0.010    -.0587335   -.0086925
mobile home or trailer w/1 or more perm. rooms added  |  -.0119254   .0228099    -0.52   0.604    -.0581016    .0342509
                              hu not specified above  |  -.6758008   .0237787   -28.42   0.000    -.7239383   -.6276633
                   unoccupied tent site or trlr site  |  -.1401166   .0353469    -3.96   0.000    -.2116726   -.0685605
                      other unit not specified above  |   -.041146    .008655    -4.75   0.000    -.0586671   -.0236248
                                                      |
                                            hh_income |
                                   Income: 5 > < 7.5  |  -.0438127   .0337199    -1.30   0.202     -.112075    .0244497
                                  Income: 7.5 > < 10  |   .0858259   .0161312     5.32   0.000       .05317    .1184818
                                 Income: 10 > < 12.5  |    .005298   .0137908     0.38   0.703      -.02262     .033216
                                 Income: 12.5 > < 15  |    -.06964   .0281404    -2.47   0.018    -.1266074   -.0126727
                                   Income: 15 > < 20  |  -.0406632   .0248585    -1.64   0.110    -.0909866    .0096602
                                   Income: 20 > < 25  |  -.0189842   .0323456    -0.59   0.561    -.0844645    .0464961
                                   Income: 25 > < 30  |  -.0655504   .0163274    -4.01   0.000    -.0986035   -.0324973
                                   Income: 30 > < 35  |  -.0609768   .0187101    -3.26   0.002    -.0988534   -.0231002
                                   Income: 35 > < 40  |   -.082082   .0164015    -5.00   0.000     -.115285   -.0488789
                                   Income: 40 > < 50  |  -.0770757   .0149951    -5.14   0.000    -.1074317   -.0467196
                                   Income: 50 > < 60  |   -.084779   .0237296    -3.57   0.001    -.1328171   -.0367408
                                   Income: 60 > < 75  |  -.1017434   .0149084    -6.82   0.000    -.1319238   -.0715629
                                  Income: 75 > < 100  |  -.1115219   .0220108    -5.07   0.000    -.1560804   -.0669633
                                 Income: 100 > < 150  |  -.1307138    .022496    -5.81   0.000    -.1762545   -.0851731
                                       Income: 150 >  |  -.1394976   .0206536    -6.75   0.000    -.1813086   -.0976866
                                                      |
                                        owns_business |
                               does not own business  |    .029955   .0079668     3.76   0.001     .0138271     .046083
                                                _cons |   .2643915   .0331042     7.99   0.000     .1973755    .3314075
-----------------------------------------------------------------------------------------------------------------------

Absorbed degrees of freedom:
---------------------------------------------------------------+
           Absorbed FE | Categories  - Redundant  = Num. Coefs |
-----------------------+---------------------------------------|
   county_code#hrmonth |       296           0         296     |
       naic_id#hrmonth |       106         106           0    *|
---------------------------------------------------------------+
* = FE nested within cluster; treated as redundant for DoF computation

. 
. eststo M8

. quietly estadd local FE_S "No", replace

. quietly estadd local FE_ST "Yes", replace

. quietly estadd local FE_I "No", replace

. quietly estadd local FE_IT "Yes", replace

. quietly estadd local WEIG "No", replace

. quietly estadd local CLU "Yes", replace

. estadd ysumm, replace

added scalars:
                e(ysd) =  .29171353
               e(ymax) =  1
               e(ymin) =  0
              e(ymean) =  .09391153

. 
. restore

. 
. /*##########################################
> Tables
> ############################################*/
. 
. esttab M* using tables\reg.rtf, replace label onecell compress nogaps nonumbers nodepvars staraux drop("38.level_educ" "1.marista" "1.housing_kind" "3.hrmonth" "1.contract_type"
>  "1.is_more1job") s(FE_S FE_ST FE_I FE_IT WEIG CLU N ymean, label("State FE" "State Month FE" "Industry FE" "Industry Month FE" "Analytical Weights" "Industry Clustering" "Obser
> vations" "Mean of Dep. Variable")) addnotes("* Sample weights are provided by CPS and indicate for how many household a surveyed individual is representative")
(output written to tables\reg.rtf)

. 
. 
. 
. 
. 
. 
. 
end of do-file

